MPLINK 4.48, Linker
Linker Map File - Created Tue Dec 23 12:30:07 2014

                                 Section Info
                  Section       Type    Address   Location Size(Bytes)
                ---------  ---------  ---------  ---------  ---------
               _entry_scn       code   0x000000    program   0x000006
           .code___init.o       code   0x000006    program   0x000002
      InterruptVectorHigh       code   0x000008    program   0x00000a
      .romdata_MainDemo.o    romdata   0x000012    program   0x000006
               low_vector       code   0x000018    program   0x000010
                   .cinit    romdata   0x000028    program   0x0000b6
              .code_TCP.o       code   0x0000de    program   0x00608c
      .code_BerkeleyAPI.o       code   0x00616a    program   0x001d14
              .code_UDP.o       code   0x007e7e    program   0x001324
          .code_Helpers.o       code   0x0091a2    program   0x001142
         .code_ETH97J60.o       code   0x00a2e4    program   0x000d98
    .code_communication.o       code   0x00b07c    program   0x0006e4
              .code_ARP.o       code   0x00b760    program   0x0006aa
               .code_IP.o       code   0x00be0a    program   0x0003fc
             .code_uart.o       code   0x00c206    program   0x0003bc
.code_BerkeleyTCPServerDemo.o       code   0x00c5c2    program   0x0002c2
              .code_app.o       code   0x00c884    program   0x00029e
         .code_StackTsk.o       code   0x00cb22    program   0x000248
         .code_MainDemo.o       code   0x00cd6a    program   0x0001f4
                   STRING       code   0x00cf5e    program   0x0001bc
             .code_Tick.o       code   0x00d11a    program   0x00018c
             .code_ICMP.o       code   0x00d2a6    program   0x00014a
               _cinit_scn       code   0x00d3f0    program   0x00009e
           .code_u1open.o       code   0x00d48e    program   0x000084
         .code_fxd3232u.o       code   0x00d512    program   0x000048
           .code_u1read.o       code   0x00d55a    program   0x00003e
                     PROG       code   0x00d598    program   0x00003c
           .romdata_TCP.o    romdata   0x00d5d4    program   0x000036
         .code_fxd1616u.o       code   0x00d60a    program   0x00002c
                    .code       code   0x00d636    program   0x00002c
              D1KTCYXCODE       code   0x00d662    program   0x000020
             _startup_scn       code   0x00d682    program   0x00001c
            .code_board.o       code   0x00d69e    program   0x000012
             .stringtable    romdata   0x00d6b0    program   0x000004
              UART_DATA_i    romdata   0x00d6b4    program   0x000087
               TCP_DATA_i    romdata   0x00d73b    program   0x000032
               LOG_DATA_i    romdata   0x00d76d    program   0x0000fc
               COM_DATA_i    romdata   0x00d869    program   0x000094
         .romdata_timer.o    romdata   0x00d8fd    program   0x000000
         .idata_timer.o_i    romdata   0x00d8fd    program   0x000000
          .romdata_DNSs.o    romdata   0x00d8fd    program   0x000000
          .romdata_NBNS.o    romdata   0x00d8fd    program   0x000000
       .romdata_Helpers.o    romdata   0x00d8fd    program   0x000000
          .romdata_Tick.o    romdata   0x00d8fd    program   0x000000
     .romdata_SPIEEPROM.o    romdata   0x00d8fd    program   0x000000
        .romdata_DynDNS.o    romdata   0x00d8fd    program   0x000000
        .romdata_Telnet.o    romdata   0x00d8fd    program   0x000000
.romdata_TCPPerformanceTest.o    romdata   0x00d8fd    program   0x000000
      .romdata_ETH97J60.o    romdata   0x00d8fd    program   0x000000
            .romdata_IP.o    romdata   0x00d8fd    program   0x000000
      .romdata_SPIFlash.o    romdata   0x00d8fd    program   0x000000
    .romdata_FileSystem.o    romdata   0x00d8fd    program   0x000000
        .romdata_Random.o    romdata   0x00d8fd    program   0x000000
         .romdata_HTTP2.o    romdata   0x00d8fd    program   0x000000
         .romdata_MPFS2.o    romdata   0x00d8fd    program   0x000000
          .romdata_ICMP.o    romdata   0x00d8fd    program   0x000000
           .romdata_FTP.o    romdata   0x00d8fd    program   0x000000
      .romdata_StackTsk.o    romdata   0x00d8fd    program   0x000000
           .romdata_SSL.o    romdata   0x00d8fd    program   0x000000
        .romdata_Reboot.o    romdata   0x00d8fd    program   0x000000
        .romdata_Hashes.o    romdata   0x00d8fd    program   0x000000
        .romdata_SPIRAM.o    romdata   0x00d8fd    program   0x000000
           .romdata_RSA.o    romdata   0x00d8fd    program   0x000000
         .romdata_c018i.o    romdata   0x00d8fd    program   0x000000
           .romdata_app.o    romdata   0x00d8fd    program   0x000000
        .romdata___init.o    romdata   0x00d8fd    program   0x000000
         .romdata_board.o    romdata   0x00d8fd    program   0x000000
 .idata_communication.o_i    romdata   0x00d8fd    program   0x000002
 .romdata_communication.o    romdata   0x00d8fd    program   0x000000
.idata_interruptvector.o_i    romdata   0x00d8fd    program   0x000000
.romdata_interruptvector.o    romdata   0x00d8fd    program   0x000000
          .idata_uart.o_i    romdata   0x00d8fd    program   0x000000
          .romdata_uart.o    romdata   0x00d8fd    program   0x000000
        .romdata_u1defs.o    romdata   0x00d8fd    program   0x000000
.romdata_BerkeleyTCPServerDemo.o    romdata   0x00d8fd    program   0x000000
        .idata_u1defs.o_i    romdata   0x00d8fd    program   0x000000
        .romdata_u1read.o    romdata   0x00d8fd    program   0x000000
        .idata_u1read.o_i    romdata   0x00d8fd    program   0x000000
      .romdata_Announce.o    romdata   0x00d8fd    program   0x000000
           .romdata_DNS.o    romdata   0x00d8fd    program   0x000000
           .romdata_UDP.o    romdata   0x00d8fd    program   0x000000
         .romdata_DHCPs.o    romdata   0x00d8fd    program   0x000000
          .romdata_DHCP.o    romdata   0x00d8fd    program   0x000000
      .idata_fxd1616u.o_i    romdata   0x00d8fd    program   0x000000
         .romdata_Delay.o    romdata   0x00d8fd    program   0x000000
      .romdata_fxd1616u.o    romdata   0x00d8fd    program   0x000000
   .romdata_BerkeleyAPI.o    romdata   0x00d8fd    program   0x000000
      .idata_fxd3232u.o_i    romdata   0x00d8fd    program   0x000000
        .romdata_AutoIP.o    romdata   0x00d8fd    program   0x000000
      .romdata_fxd3232u.o    romdata   0x00d8fd    program   0x000000
           .romdata_ARP.o    romdata   0x00d8fd    program   0x000000
       .romdata_ARCFOUR.o    romdata   0x00d8fd    program   0x000000
        .idata_u1open.o_i    romdata   0x00d8fd    program   0x000000
        .romdata_u1open.o    romdata   0x00d8fd    program   0x000000
        .idata___init.o_i    romdata   0x00d8ff    program   0x000000
           .idata_UDP.o_i    romdata   0x00d8ff    program   0x000002
         .idata_c018i.o_i    romdata   0x00d8ff    program   0x000000
           .idata_app.o_i    romdata   0x00d8ff    program   0x000000
         .idata_board.o_i    romdata   0x00d8ff    program   0x000000
          .idata_Tick.o_i    romdata   0x00d901    program   0x000004
        .idata_Telnet.o_i    romdata   0x00d905    program   0x000000
.idata_TCPPerformanceTest.o_i    romdata   0x00d905    program   0x000000
           .idata_TCP.o_i    romdata   0x00d905    program   0x000002
      .idata_StackTsk.o_i    romdata   0x00d907    program   0x000001
        .idata_Reboot.o_i    romdata   0x00d908    program   0x000000
           .idata_SSL.o_i    romdata   0x00d908    program   0x000000
          .idata_NBNS.o_i    romdata   0x00d908    program   0x000000
           .idata_RSA.o_i    romdata   0x00d908    program   0x000000
        .idata_Random.o_i    romdata   0x00d908    program   0x000000
     .idata_SPIEEPROM.o_i    romdata   0x00d908    program   0x000000
      .idata_MainDemo.o_i    romdata   0x00d908    program   0x00000c
        .idata_SPIRAM.o_i    romdata   0x00d908    program   0x000000
      .idata_SPIFlash.o_i    romdata   0x00d908    program   0x000000
            .idata_IP.o_i    romdata   0x00d914    program   0x000002
         .idata_MPFS2.o_i    romdata   0x00d914    program   0x000000
       .idata_Helpers.o_i    romdata   0x00d916    program   0x000004
          .idata_ICMP.o_i    romdata   0x00d916    program   0x000000
      .idata_ETH97J60.o_i    romdata   0x00d91a    program   0x000000
    .idata_FileSystem.o_i    romdata   0x00d91a    program   0x000000
        .idata_DynDNS.o_i    romdata   0x00d91a    program   0x000000
          .idata_DNSs.o_i    romdata   0x00d91a    program   0x000000
           .idata_DNS.o_i    romdata   0x00d91a    program   0x000000
         .idata_DHCPs.o_i    romdata   0x00d91a    program   0x000000
          .idata_DHCP.o_i    romdata   0x00d91a    program   0x000000
         .idata_Delay.o_i    romdata   0x00d91a    program   0x000000
.idata_BerkeleyTCPServerDemo.o_i    romdata   0x00d91a    program   0x00000d
           .idata_FTP.o_i    romdata   0x00d91a    program   0x000000
         .idata_HTTP2.o_i    romdata   0x00d91a    program   0x000000
        .idata_Hashes.o_i    romdata   0x00d91a    program   0x000000
   .idata_BerkeleyAPI.o_i    romdata   0x00d927    program   0x000002
        .idata_AutoIP.o_i    romdata   0x00d929    program   0x000000
           .idata_ARP.o_i    romdata   0x00d929    program   0x000001
      .idata_Announce.o_i    romdata   0x00d929    program   0x000000
        .code_SPIEEPROM.o       code   0x00d92a    program   0x000000
           .code_AutoIP.o       code   0x00d92a    program   0x000000
          .code_ARCFOUR.o       code   0x00d92a    program   0x000000
       .idata_ARCFOUR.o_i    romdata   0x00d92a    program   0x000000
         .code_Announce.o       code   0x00d92a    program   0x000000
              .code_RSA.o       code   0x00d92a    program   0x000000
           .code_u1defs.o       code   0x00d92a    program   0x000000
  .code_interruptvector.o       code   0x00d92a    program   0x000000
            .code_HTTP2.o       code   0x00d92a    program   0x000000
           .code_Reboot.o       code   0x00d92a    program   0x000000
            .code_c018i.o       code   0x00d92a    program   0x000000
            .code_MPFS2.o       code   0x00d92a    program   0x000000
       .code_FileSystem.o       code   0x00d92a    program   0x000000
           .code_Random.o       code   0x00d92a    program   0x000000
.code_TCPPerformanceTest.o       code   0x00d92a    program   0x000000
              .code_FTP.o       code   0x00d92a    program   0x000000
           .code_DynDNS.o       code   0x00d92a    program   0x000000
           .code_Telnet.o       code   0x00d92a    program   0x000000
             .code_NBNS.o       code   0x00d92a    program   0x000000
              .code_SSL.o       code   0x00d92a    program   0x000000
             .code_DNSs.o       code   0x00d92a    program   0x000000
              .code_DNS.o       code   0x00d92a    program   0x000000
            .code_timer.o       code   0x00d92a    program   0x000000
           .code_SPIRAM.o       code   0x00d92a    program   0x000000
            .code_DHCPs.o       code   0x00d92a    program   0x000000
           .code_Hashes.o       code   0x00d92a    program   0x000000
             .code_DHCP.o       code   0x00d92a    program   0x000000
         .code_SPIFlash.o       code   0x00d92a    program   0x000000
            .code_Delay.o       code   0x00d92a    program   0x000000
 .config_1fff8_MainDemo.o    romdata   0x01fff8    program   0x000001
 .config_1fffa_MainDemo.o    romdata   0x01fffa    program   0x000001
 .config_1fffd_MainDemo.o    romdata   0x01fffd    program   0x000001
                MATH_DATA      udata   0x000000       data   0x000014
                 .tmpdata      udata   0x000014       data   0x00000e
                DELAYDAT1      udata   0x000022       data   0x000001
                 COM_DATA      idata   0x000060       data   0x000094
        .idata_MainDemo.o      idata   0x0000f4       data   0x00000c
                 TCB_uRAM      udata   0x000100       data   0x0000fc
         .udata_Helpers.o      udata   0x0001fc       data   0x000004
                 LOG_DATA      idata   0x000200       data   0x0000fc
     .udata_BerkeleyAPI.o      udata   0x0002fc       data   0x000004
             .udata_UDP.o      udata   0x000300       data   0x0000c4
       SYN_QUEUE_RAM_SECT      udata   0x0003c4       data   0x00003c
                UART_DATA      idata   0x000400       data   0x000087
                 BSD_uRAM      udata   0x000487       data   0x000078
              temp_tblptr      udata   0x0004ff       data   0x000001
             .udata_ARP.o      udata   0x000500       data   0x000014
           .udata_c018i.o      udata   0x000514       data   0x00000a
        .udata_ETH97J60.o      udata   0x00051e       data   0x000007
            .udata_Tick.o      udata   0x000525       data   0x000006
         .idata_Helpers.o      idata   0x00052b       data   0x000004
             .idata_UDP.o      idata   0x00052f       data   0x000002
             .idata_TCP.o      idata   0x000531       data   0x000002
              .idata_IP.o      idata   0x000533       data   0x000002
     .idata_BerkeleyAPI.o      idata   0x000535       data   0x000002
           .udata_board.o      udata   0x000537       data   0x000001
              .udata_IP.o      udata   0x000538       data   0x000001
        .idata_StackTsk.o      idata   0x000539       data   0x000001
             .idata_ARP.o      idata   0x00053a       data   0x000001
        .udata_SPIFlash.o      udata   0x00053b       data   0x000000
          .idata_u1open.o      idata   0x00053b       data   0x000000
       .idata_SPIEEPROM.o      idata   0x00053b       data   0x000000
       .udata_SPIEEPROM.o      udata   0x00053b       data   0x000000
             .idata_RSA.o      idata   0x00053b       data   0x000000
             .udata_RSA.o      udata   0x00053b       data   0x000000
          .idata_Reboot.o      idata   0x00053b       data   0x000000
          .udata_Reboot.o      udata   0x00053b       data   0x000000
          .idata_Random.o      idata   0x00053b       data   0x000000
          .idata_u1defs.o      idata   0x00053b       data   0x000000
          .udata_u1read.o      udata   0x00053b       data   0x000000
          .udata_Random.o      udata   0x00053b       data   0x000000
            .idata_NBNS.o      idata   0x00053b       data   0x000000
            .udata_NBNS.o      udata   0x00053b       data   0x000000
           .idata_MPFS2.o      idata   0x00053b       data   0x000000
          .idata_u1read.o      idata   0x00053b       data   0x000000
          .udata___init.o      udata   0x00053b       data   0x000000
           .idata_timer.o      idata   0x00053b       data   0x000000
           .udata_timer.o      udata   0x00053b       data   0x000000
        .udata_fxd1616u.o      udata   0x00053b       data   0x000000
          .idata_Telnet.o      idata   0x00053b       data   0x000000
          .udata_Telnet.o      udata   0x00053b       data   0x000000
          .idata___init.o      idata   0x00053b       data   0x000000
        .idata_fxd1616u.o      idata   0x00053b       data   0x000000
.idata_TCPPerformanceTest.o      idata   0x00053b       data   0x000000
.udata_TCPPerformanceTest.o      udata   0x00053b       data   0x000000
        .udata_fxd3232u.o      udata   0x00053b       data   0x000000
        .idata_fxd3232u.o      idata   0x00053b       data   0x000000
          .udata_u1open.o      udata   0x00053b       data   0x000000
             .idata_SSL.o      idata   0x00053b       data   0x000000
             .udata_SSL.o      udata   0x00053b       data   0x000000
          .idata_SPIRAM.o      idata   0x00053b       data   0x000000
          .udata_SPIRAM.o      udata   0x00053b       data   0x000000
        .idata_SPIFlash.o      idata   0x00053b       data   0x000000
           .udata_DHCPs.o      udata   0x00053b       data   0x000000
            .idata_DHCP.o      idata   0x00053b       data   0x000000
            .udata_DHCP.o      udata   0x00053b       data   0x000000
           .idata_Delay.o      idata   0x00053b       data   0x000000
           .udata_Delay.o      udata   0x00053b       data   0x000000
          .idata_AutoIP.o      idata   0x00053b       data   0x000000
          .udata_AutoIP.o      udata   0x00053b       data   0x000000
         .idata_ARCFOUR.o      idata   0x00053b       data   0x000000
             .udata_app.o      udata   0x00053b       data   0x000000
         .udata_ARCFOUR.o      udata   0x00053b       data   0x000000
        .idata_Announce.o      idata   0x00053b       data   0x000000
        .udata_Announce.o      udata   0x00053b       data   0x000000
             .idata_app.o      idata   0x00053b       data   0x000000
           .idata_board.o      idata   0x00053b       data   0x000000
   .udata_communication.o      udata   0x00053b       data   0x000000
 .udata_interruptvector.o      udata   0x00053b       data   0x000000
 .idata_interruptvector.o      idata   0x00053b       data   0x000000
            .udata_uart.o      udata   0x00053b       data   0x000000
            .idata_uart.o      idata   0x00053b       data   0x000000
.udata_BerkeleyTCPServerDemo.o      udata   0x00053b       data   0x000000
           .udata_MPFS2.o      udata   0x00053b       data   0x000000
            .idata_ICMP.o      idata   0x00053b       data   0x000000
            .udata_ICMP.o      udata   0x00053b       data   0x000000
           .idata_HTTP2.o      idata   0x00053b       data   0x000000
           .udata_HTTP2.o      udata   0x00053b       data   0x000000
          .idata_Hashes.o      idata   0x00053b       data   0x000000
          .udata_Hashes.o      udata   0x00053b       data   0x000000
             .idata_FTP.o      idata   0x00053b       data   0x000000
             .udata_FTP.o      udata   0x00053b       data   0x000000
      .idata_FileSystem.o      idata   0x00053b       data   0x000000
      .udata_FileSystem.o      udata   0x00053b       data   0x000000
        .idata_ETH97J60.o      idata   0x00053b       data   0x000000
          .idata_DynDNS.o      idata   0x00053b       data   0x000000
          .udata_DynDNS.o      udata   0x00053b       data   0x000000
            .idata_DNSs.o      idata   0x00053b       data   0x000000
            .udata_DNSs.o      udata   0x00053b       data   0x000000
             .idata_DNS.o      idata   0x00053b       data   0x000000
             .udata_DNS.o      udata   0x00053b       data   0x000000
           .idata_DHCPs.o      idata   0x00053b       data   0x000000
           .idata_c018i.o      idata   0x00053b       data   0x000000
                   .stack      udata   0x000d00       data   0x000100
        .udata_MainDemo.o      udata   0x000e00       data   0x00003e
                 TCP_DATA      idata   0x000e3e       data   0x000032
        .udata_StackTsk.o      udata   0x000e70       data   0x00000b
            .idata_Tick.o      idata   0x000e7b       data   0x000004
          .udata_u1defs.o      udata   0x000e7f       data   0x000001
              SFR_BANKED0      udata   0x000e80       data   0x000006
              SFR_BANKED1      udata   0x000e8a       data   0x000001
              SFR_BANKED2      udata   0x000e97       data   0x000003
              SFR_BANKED3      udata   0x000ea0       data   0x000001
              SFR_BANKED4      udata   0x000ea2       data   0x000003
              SFR_BANKED5      udata   0x000ea6       data   0x000002
              SFR_BANKED6      udata   0x000eaa       data   0x000002
              SFR_BANKED7      udata   0x000eb2       data   0x000001
              SFR_BANKED8      udata   0x000eb4       data   0x000001
              SFR_BANKED9      udata   0x000eb6       data   0x000004
             SFR_BANKED10      udata   0x000ec0       data   0x000012
             SFR_BANKED11      udata   0x000ed4       data   0x000002
             SFR_BANKED12      udata   0x000ed8       data   0x000002
             SFR_BANKED13      udata   0x000ee2       data   0x000016
             SFR_BANKED14      udata   0x000efb       data   0x000001
             SFR_BANKED15      udata   0x000efd       data   0x000002
             .udata_TCP.o      udata   0x000f00       data   0x000051
.idata_BerkeleyTCPServerDemo.o      idata   0x000f51       data   0x00000d
   .idata_communication.o      idata   0x000f5e       data   0x000002
            SFR_UNBANKED0      udata   0x000f60       data   0x0000a0



                              Program Memory Usage 
                               Start         End      
                           ---------   ---------      
                            0x000000    0x00d929      
                            0x01fff8    0x01fff8      
                            0x01fffa    0x01fffa      
                            0x01fffd    0x01fffd      
            55597 out of 131072 program addresses used, program memory utilization is 42%



                              Symbols - Sorted by Name
                     Name    Address   Location    Storage File                     
                ---------  ---------  ---------  --------- ---------                
          APP_comCallBack   0x00caa6    program     extern D:\jo\Ideonics\Repository\tcpip_to_uart\application\app.c
                 APP_init   0x00c884    program     extern D:\jo\Ideonics\Repository\tcpip_to_uart\application\app.c
                 APP_task   0x00c8aa    program     extern D:\jo\Ideonics\Repository\tcpip_to_uart\application\app.c
                  ARPInit   0x00b966    program     extern D:\jo\Ideonics\Repository\tcpip_to_uart\TCPIP\source\ARP.c
            ARPIsResolved   0x00bc50    program     extern D:\jo\Ideonics\Repository\tcpip_to_uart\TCPIP\source\ARP.c
               ARPProcess   0x00b98a    program     extern D:\jo\Ideonics\Repository\tcpip_to_uart\TCPIP\source\ARP.c
                   ARPPut   0x00b80c    program     static D:\jo\Ideonics\Repository\tcpip_to_uart\TCPIP\source\ARP.c
               ARPResolve   0x00bb68    program     extern D:\jo\Ideonics\Repository\tcpip_to_uart\TCPIP\source\ARP.c
               ARPSendPkt   0x00b760    program     extern D:\jo\Ideonics\Repository\tcpip_to_uart\TCPIP\source\ARP.c
                 BRD_init   0x00d69e    program     extern D:\jo\Ideonics\Repository\tcpip_to_uart\application\board.c
       BerkeleySocketInit   0x00616a    program     extern D:\jo\Ideonics\Repository\tcpip_to_uart\TCPIP\source\BerkeleyAPI.c
    BerkeleyTCPServerDemo   0x00c5c2    program     extern D:\jo\Ideonics\Repository\tcpip_to_uart\TCPIP\BerkeleyTCPServerDemo.c
                 COM_init   0x00b07c    program     extern D:\jo\Ideonics\Repository\tcpip_to_uart\application\communication.c
                COM_reset   0x00b0f6    program     extern D:\jo\Ideonics\Repository\tcpip_to_uart\application\communication.c
              COM_restart   0x00b0b2    program     extern D:\jo\Ideonics\Repository\tcpip_to_uart\application\communication.c
                 COM_task   0x00b124    program     extern D:\jo\Ideonics\Repository\tcpip_to_uart\application\communication.c
                COM_txCMD   0x00b518    program     extern D:\jo\Ideonics\Repository\tcpip_to_uart\application\communication.c
               COM_txData   0x00b3d6    program     extern D:\jo\Ideonics\Repository\tcpip_to_uart\application\communication.c
                COM_txStr   0x00b46a    program     extern D:\jo\Ideonics\Repository\tcpip_to_uart\application\communication.c
     CalcIPBufferChecksum   0x00a9f0    program     extern D:\jo\Ideonics\Repository\tcpip_to_uart\TCPIP\source\ETH97J60.c
           CalcIPChecksum   0x009e3e    program     extern D:\jo\Ideonics\Repository\tcpip_to_uart\TCPIP\source\Helpers.c
              CloseSocket   0x00424c    program     static D:\jo\Ideonics\Repository\tcpip_to_uart\TCPIP\source\TCP.c
                    D1K_1   0x00d66e    program     static E:\c18v3.46\pic18-lt\cxx-framework\src\traditional\delays\d1ktcyx.asm
                     D1Kx   0x00d66c    program     static E:\c18v3.46\pic18-lt\cxx-framework\src\traditional\delays\d1ktcyx.asm
              Delay1KTCYx   0x00d662    program     extern E:\c18v3.46\pic18-lt\cxx-framework\src\traditional\delays\d1ktcyx.asm
         EnableInterrupts   0x000022    program     extern D:\jo\Ideonics\Repository\tcpip_to_uart\application\interruptvector.c
                 FXD1616U   0x00d60a    program     extern E:\c18v3.46\pic18-lt\cxx-framework\src\traditional\math\fxd1616u.c
                 FXD3232U   0x00d512    program     extern E:\c18v3.46\pic18-lt\cxx-framework\src\traditional\math\fxd3232u.c
                 FXM1616U   0x00d598    program     extern E:\c18v3.46\pic18-lt\cxx-framework\src\traditional\math\fxm1616u.asm
       FindMatchingSocket   0x0039d0    program     static D:\jo\Ideonics\Repository\tcpip_to_uart\TCPIP\source\TCP.c
       FindMatchingSocket   0x008faa    program     static D:\jo\Ideonics\Repository\tcpip_to_uart\TCPIP\source\UDP.c
        FormatNetBIOSName   0x00a040    program     extern D:\jo\Ideonics\Repository\tcpip_to_uart\TCPIP\source\Helpers.c
      GenerateRandomDWORD   0x0092f4    program     extern D:\jo\Ideonics\Repository\tcpip_to_uart\TCPIP\source\Helpers.c
      GetMaxSegSizeOption   0x0042f8    program     static D:\jo\Ideonics\Repository\tcpip_to_uart\TCPIP\source\TCP.c
              GetTickCopy   0x00d12a    program     static D:\jo\Ideonics\Repository\tcpip_to_uart\TCPIP\source\Tick.c
HandlePossibleTCPDisconnection   0x007d02    program     extern D:\jo\Ideonics\Repository\tcpip_to_uart\TCPIP\source\BerkeleyAPI.c
             HandleTCPSeg   0x004472    program     static D:\jo\Ideonics\Repository\tcpip_to_uart\TCPIP\source\TCP.c
              ICMPProcess   0x00d2a6    program     extern D:\jo\Ideonics\Repository\tcpip_to_uart\TCPIP\source\ICMP.c
              IPGetHeader   0x00be0a    program     extern D:\jo\Ideonics\Repository\tcpip_to_uart\TCPIP\source\IP.c
              IPPutHeader   0x00bf7e    program     extern D:\jo\Ideonics\Repository\tcpip_to_uart\TCPIP\source\IP.c
            IPSetRxBuffer   0x00c0e4    program     extern D:\jo\Ideonics\Repository\tcpip_to_uart\TCPIP\source\IP.c
            InitAppConfig   0x00ce38    program     static D:\jo\Ideonics\Repository\tcpip_to_uart\TCPIP\MainDemo.c
                 LFSRRand   0x00925a    program     extern D:\jo\Ideonics\Repository\tcpip_to_uart\TCPIP\source\Helpers.c
             LFSRSeedRand   0x0091a2    program     extern D:\jo\Ideonics\Repository\tcpip_to_uart\TCPIP\source\Helpers.c
        MACCalcRxChecksum   0x00a92e    program     extern D:\jo\Ideonics\Repository\tcpip_to_uart\TCPIP\source\ETH97J60.c
             MACDiscardRx   0x00a44c    program     extern D:\jo\Ideonics\Repository\tcpip_to_uart\TCPIP\source\ETH97J60.c
                 MACFlush   0x00a7ec    program     extern D:\jo\Ideonics\Repository\tcpip_to_uart\TCPIP\source\ETH97J60.c
                   MACGet   0x00ae72    program     extern D:\jo\Ideonics\Repository\tcpip_to_uart\TCPIP\source\ETH97J60.c
              MACGetArray   0x00ae78    program     extern D:\jo\Ideonics\Repository\tcpip_to_uart\TCPIP\source\ETH97J60.c
         MACGetFreeRxSize   0x00a4e0    program     extern D:\jo\Ideonics\Repository\tcpip_to_uart\TCPIP\source\ETH97J60.c
             MACGetHeader   0x00a5d8    program     extern D:\jo\Ideonics\Repository\tcpip_to_uart\TCPIP\source\ETH97J60.c
                  MACInit   0x00a2e4    program     extern D:\jo\Ideonics\Repository\tcpip_to_uart\TCPIP\source\ETH97J60.c
              MACIsLinked   0x00a3f0    program     extern D:\jo\Ideonics\Repository\tcpip_to_uart\TCPIP\source\ETH97J60.c
         MACIsMemCopyDone   0x00ae64    program     extern D:\jo\Ideonics\Repository\tcpip_to_uart\TCPIP\source\ETH97J60.c
             MACIsTxReady   0x00a412    program     extern D:\jo\Ideonics\Repository\tcpip_to_uart\TCPIP\source\ETH97J60.c
          MACMemCopyAsync   0x00abf4    program     extern D:\jo\Ideonics\Repository\tcpip_to_uart\TCPIP\source\ETH97J60.c
             MACPowerDown   0x00b05a    program     extern D:\jo\Ideonics\Repository\tcpip_to_uart\TCPIP\source\ETH97J60.c
               MACPowerUp   0x00b06c    program     extern D:\jo\Ideonics\Repository\tcpip_to_uart\TCPIP\source\ETH97J60.c
                   MACPut   0x00af18    program     extern D:\jo\Ideonics\Repository\tcpip_to_uart\TCPIP\source\ETH97J60.c
              MACPutArray   0x00af32    program     extern D:\jo\Ideonics\Repository\tcpip_to_uart\TCPIP\source\ETH97J60.c
             MACPutHeader   0x00a764    program     extern D:\jo\Ideonics\Repository\tcpip_to_uart\TCPIP\source\ETH97J60.c
           MACPutROMArray   0x00af76    program     extern D:\jo\Ideonics\Repository\tcpip_to_uart\TCPIP\source\ETH97J60.c
            MACSetReadPtr   0x00a8e8    program     extern D:\jo\Ideonics\Repository\tcpip_to_uart\TCPIP\source\ETH97J60.c
        MACSetReadPtrInRx   0x00a822    program     extern D:\jo\Ideonics\Repository\tcpip_to_uart\TCPIP\source\ETH97J60.c
           MACSetWritePtr   0x00a8a2    program     extern D:\jo\Ideonics\Repository\tcpip_to_uart\TCPIP\source\ETH97J60.c
               Open1USART   0x00d48e    program     extern E:\c18v3.46\pic18-lt\cxx-framework\src\pmc_common\USART\u1open.c
     ROMStringToIPAddress   0x009778    program     extern D:\jo\Ideonics\Repository\tcpip_to_uart\TCPIP\source\Helpers.c
               Read1USART   0x00d55a    program     extern E:\c18v3.46\pic18-lt\cxx-framework\src\pmc_common\USART\u1read.c
               ReadPHYReg   0x00afbc    program     extern D:\jo\Ideonics\Repository\tcpip_to_uart\TCPIP\source\ETH97J60.c
                  SendTCP   0x00316e    program     static D:\jo\Ideonics\Repository\tcpip_to_uart\TCPIP\source\TCP.c
     SerializedMACAddress   0x000012    program     static D:\jo\Ideonics\Repository\tcpip_to_uart\TCPIP\MainDemo.c
        StackApplications   0x00cd68    program     extern D:\jo\Ideonics\Repository\tcpip_to_uart\TCPIP\source\StackTsk.c
                StackInit   0x00cb22    program     extern D:\jo\Ideonics\Repository\tcpip_to_uart\TCPIP\source\StackTsk.c
                StackTask   0x00cb78    program     extern D:\jo\Ideonics\Repository\tcpip_to_uart\TCPIP\source\StackTsk.c
        StringToIPAddress   0x00951c    program     extern D:\jo\Ideonics\Repository\tcpip_to_uart\TCPIP\source\Helpers.c
            SwapARPPacket   0x00bd32    program     extern D:\jo\Ideonics\Repository\tcpip_to_uart\TCPIP\source\ARP.c
             SwapIPHeader   0x00c11e    program     static D:\jo\Ideonics\Repository\tcpip_to_uart\TCPIP\source\IP.c
            SwapTCPHeader   0x00401c    program     static D:\jo\Ideonics\Repository\tcpip_to_uart\TCPIP\source\TCP.c
                  SyncTCB   0x000182    program     static D:\jo\Ideonics\Repository\tcpip_to_uart\TCPIP\source\TCP.c
              SyncTCBStub   0x0000de    program     static D:\jo\Ideonics\Repository\tcpip_to_uart\TCPIP\source\TCP.c
        TCPAdjustFIFOSize   0x005b1e    program     extern D:\jo\Ideonics\Repository\tcpip_to_uart\TCPIP\source\TCP.c
                 TCPClose   0x0007dc    program     extern D:\jo\Ideonics\Repository\tcpip_to_uart\TCPIP\source\TCP.c
               TCPDiscard   0x0011b4    program     extern D:\jo\Ideonics\Repository\tcpip_to_uart\TCPIP\source\TCP.c
            TCPDisconnect   0x0006e6    program     extern D:\jo\Ideonics\Repository\tcpip_to_uart\TCPIP\source\TCP.c
           TCPFindArrayEx   0x00192c    program     extern D:\jo\Ideonics\Repository\tcpip_to_uart\TCPIP\source\TCP.c
                TCPFindEx   0x0025b8    program     extern D:\jo\Ideonics\Repository\tcpip_to_uart\TCPIP\source\TCP.c
        TCPFindROMArrayEx   0x001f6c    program     extern D:\jo\Ideonics\Repository\tcpip_to_uart\TCPIP\source\TCP.c
                 TCPFlush   0x000888    program     extern D:\jo\Ideonics\Repository\tcpip_to_uart\TCPIP\source\TCP.c
                   TCPGet   0x0012a6    program     extern D:\jo\Ideonics\Repository\tcpip_to_uart\TCPIP\source\TCP.c
              TCPGetArray   0x0013aa    program     extern D:\jo\Ideonics\Repository\tcpip_to_uart\TCPIP\source\TCP.c
         TCPGetRemoteInfo   0x000818    program     extern D:\jo\Ideonics\Repository\tcpip_to_uart\TCPIP\source\TCP.c
         TCPGetRxFIFOFree   0x001608    program     extern D:\jo\Ideonics\Repository\tcpip_to_uart\TCPIP\source\TCP.c
         TCPGetTxFIFOFull   0x001116    program     extern D:\jo\Ideonics\Repository\tcpip_to_uart\TCPIP\source\TCP.c
                  TCPInit   0x000244    program     extern D:\jo\Ideonics\Repository\tcpip_to_uart\TCPIP\source\TCP.c
           TCPIsConnected   0x0006a6    program     extern D:\jo\Ideonics\Repository\tcpip_to_uart\TCPIP\source\TCP.c
            TCPIsGetReady   0x001200    program     extern D:\jo\Ideonics\Repository\tcpip_to_uart\TCPIP\source\TCP.c
            TCPIsPutReady   0x0008dc    program     extern D:\jo\Ideonics\Repository\tcpip_to_uart\TCPIP\source\TCP.c
                  TCPOpen   0x000472    program     extern D:\jo\Ideonics\Repository\tcpip_to_uart\TCPIP\source\TCP.c
                  TCPPeek   0x0018ea    program     extern D:\jo\Ideonics\Repository\tcpip_to_uart\TCPIP\source\TCP.c
             TCPPeekArray   0x00169e    program     extern D:\jo\Ideonics\Repository\tcpip_to_uart\TCPIP\source\TCP.c
               TCPProcess   0x002f5e    program     extern D:\jo\Ideonics\Repository\tcpip_to_uart\TCPIP\source\TCP.c
                   TCPPut   0x0009a0    program     extern D:\jo\Ideonics\Repository\tcpip_to_uart\TCPIP\source\TCP.c
              TCPPutArray   0x000b0e    program     extern D:\jo\Ideonics\Repository\tcpip_to_uart\TCPIP\source\TCP.c
           TCPPutROMArray   0x000d88    program     extern D:\jo\Ideonics\Repository\tcpip_to_uart\TCPIP\source\TCP.c
          TCPPutROMString   0x001080    program     extern D:\jo\Ideonics\Repository\tcpip_to_uart\TCPIP\source\TCP.c
             TCPPutString   0x000ffa    program     extern D:\jo\Ideonics\Repository\tcpip_to_uart\TCPIP\source\TCP.c
               TCPRAMCopy   0x005e90    program     static D:\jo\Ideonics\Repository\tcpip_to_uart\TCPIP\source\TCP.c
            TCPRAMCopyROM   0x005fda    program     static D:\jo\Ideonics\Repository\tcpip_to_uart\TCPIP\source\TCP.c
     TCPSocketInitializer   0x00d5d4    program     extern D:\jo\Ideonics\Repository\tcpip_to_uart\TCPIP\Configs\TCPIP ETH97.h
                  TCPTick   0x00260c    program     extern D:\jo\Ideonics\Repository\tcpip_to_uart\TCPIP\source\TCP.c
              TCPWasReset   0x000664    program     extern D:\jo\Ideonics\Repository\tcpip_to_uart\TCPIP\source\TCP.c
TickConvertToMilliseconds   0x00d23a    program     extern D:\jo\Ideonics\Repository\tcpip_to_uart\TCPIP\source\Tick.c
                  TickGet   0x00d150    program     extern D:\jo\Ideonics\Repository\tcpip_to_uart\TCPIP\source\Tick.c
            TickGetDiv256   0x00d19e    program     extern D:\jo\Ideonics\Repository\tcpip_to_uart\TCPIP\source\Tick.c
            TickGetDiv64K   0x00d1ec    program     extern D:\jo\Ideonics\Repository\tcpip_to_uart\TCPIP\source\Tick.c
                 TickInit   0x00d11a    program     extern D:\jo\Ideonics\Repository\tcpip_to_uart\TCPIP\source\Tick.c
               TickUpdate   0x00d282    program     extern D:\jo\Ideonics\Repository\tcpip_to_uart\TCPIP\source\Tick.c
             UART_hasData   0x00c52e    program     extern D:\jo\Ideonics\Repository\tcpip_to_uart\application\uart.c
                UART_init   0x00c32a    program     extern D:\jo\Ideonics\Repository\tcpip_to_uart\application\uart.c
                UART_read   0x00c568    program     extern D:\jo\Ideonics\Repository\tcpip_to_uart\application\uart.c
            UART_transmit   0x00c43e    program     extern D:\jo\Ideonics\Repository\tcpip_to_uart\application\uart.c
               UART_write   0x00c400    program     extern D:\jo\Ideonics\Repository\tcpip_to_uart\application\uart.c
                 UDPClose   0x008404    program     extern D:\jo\Ideonics\Repository\tcpip_to_uart\TCPIP\source\UDP.c
               UDPDiscard   0x008d5a    program     extern D:\jo\Ideonics\Repository\tcpip_to_uart\TCPIP\source\UDP.c
                 UDPFlush   0x008924    program     extern D:\jo\Ideonics\Repository\tcpip_to_uart\TCPIP\source\UDP.c
                   UDPGet   0x008c1a    program     extern D:\jo\Ideonics\Repository\tcpip_to_uart\TCPIP\source\UDP.c
              UDPGetArray   0x008c6e    program     extern D:\jo\Ideonics\Repository\tcpip_to_uart\TCPIP\source\UDP.c
                  UDPInit   0x007e7e    program     extern D:\jo\Ideonics\Repository\tcpip_to_uart\TCPIP\source\UDP.c
            UDPIsGetReady   0x008bc2    program     extern D:\jo\Ideonics\Repository\tcpip_to_uart\TCPIP\source\UDP.c
              UDPIsOpened   0x0083c8    program     extern D:\jo\Ideonics\Repository\tcpip_to_uart\TCPIP\source\UDP.c
            UDPIsPutReady   0x008544    program     extern D:\jo\Ideonics\Repository\tcpip_to_uart\TCPIP\source\UDP.c
                UDPOpenEx   0x007eaa    program     extern D:\jo\Ideonics\Repository\tcpip_to_uart\TCPIP\source\UDP.c
               UDPProcess   0x008d74    program     extern D:\jo\Ideonics\Repository\tcpip_to_uart\TCPIP\source\UDP.c
                   UDPPut   0x0085c4    program     extern D:\jo\Ideonics\Repository\tcpip_to_uart\TCPIP\source\UDP.c
              UDPPutArray   0x008628    program     extern D:\jo\Ideonics\Repository\tcpip_to_uart\TCPIP\source\UDP.c
           UDPPutROMArray   0x00871e    program     extern D:\jo\Ideonics\Repository\tcpip_to_uart\TCPIP\source\UDP.c
          UDPPutROMString   0x008894    program     extern D:\jo\Ideonics\Repository\tcpip_to_uart\TCPIP\source\UDP.c
             UDPPutString   0x008814    program     extern D:\jo\Ideonics\Repository\tcpip_to_uart\TCPIP\source\UDP.c
           UDPSetRxBuffer   0x008500    program     extern D:\jo\Ideonics\Repository\tcpip_to_uart\TCPIP\source\UDP.c
           UDPSetTxBuffer   0x008488    program     extern D:\jo\Ideonics\Repository\tcpip_to_uart\TCPIP\source\UDP.c
                  UDPTask   0x008120    program     extern D:\jo\Ideonics\Repository\tcpip_to_uart\TCPIP\source\UDP.c
      Uart_ReceiveHandler   0x00c206    program     extern D:\jo\Ideonics\Repository\tcpip_to_uart\application\uart.c
     Uart_TransmitHandler   0x00c2d6    program     extern D:\jo\Ideonics\Repository\tcpip_to_uart\application\uart.c
              WritePHYReg   0x00b016    program     extern D:\jo\Ideonics\Repository\tcpip_to_uart\TCPIP\source\ETH97J60.c
              _2jContinue   0x00d01a    program     static E:\c18v3.46\pic18-lt\cxx-framework\src\traditional\stdclib\memset.asm
                   _2jEnd   0x00d07e    program     static E:\c18v3.46\pic18-lt\cxx-framework\src\traditional\stdclib\slenpgm.asm
              _3jContinue   0x00cfe6    program     static E:\c18v3.46\pic18-lt\cxx-framework\src\traditional\stdclib\mcpyp2r.asm
                   _3jEnd   0x00d024    program     static E:\c18v3.46\pic18-lt\cxx-framework\src\traditional\stdclib\memset.asm
              _4jContinue   0x00cf92    program     static E:\c18v3.46\pic18-lt\cxx-framework\src\traditional\stdclib\memcpy.asm
              _4jContinue   0x00d0c8    program     static E:\c18v3.46\pic18-lt\cxx-framework\src\traditional\stdclib\strncpy.asm
                   _4jEnd   0x00cff0    program     static E:\c18v3.46\pic18-lt\cxx-framework\src\traditional\stdclib\mcpyp2r.asm
                   _5jEnd   0x00d0d2    program     static E:\c18v3.46\pic18-lt\cxx-framework\src\traditional\stdclib\strncpy.asm
                   _5jEnd   0x00cf9c    program     static E:\c18v3.46\pic18-lt\cxx-framework\src\traditional\stdclib\memcpy.asm
        _D1KTCYXCODE_0010   0x00d672    program     static E:\c18v3.46\pic18-lt\cxx-framework\src\traditional\delays\d1ktcyx.asm
        _D1KTCYXCODE_0016   0x00d678    program     static E:\c18v3.46\pic18-lt\cxx-framework\src\traditional\delays\d1ktcyx.asm
           ___do_lbl00002   0x00d148    program     static                          
           ___do_lbl00003   0x00d14c    program     static                          
           ___do_lbl00004   0x00d12a    program     static                          
          ___for_lbl00035   0x00b436    program     static                          
          ___for_lbl00036   0x00b43c    program     static                          
          ___for_lbl00037   0x00b40c    program     static                          
          ___for_lbl00101   0x009ffc    program     static                          
          ___for_lbl00102   0x00a002    program     static                          
          ___for_lbl00103   0x009fde    program     static                          
          ___for_lbl00104   0x00a016    program     static                          
          ___for_lbl00105   0x00a01a    program     static                          
          ___for_lbl00106   0x00a002    program     static                          
           ___if_lbl00001   0x000010    program     static                          
           ___if_lbl00003   0x000020    program     static                          
           ___if_lbl00014   0x009408    program     static                          
           ___if_lbl00015   0x009426    program     static                          
           ___if_lbl00016   0x0094b8    program     static                          
           ___if_lbl00017   0x0094be    program     static                          
           ___if_lbl00020   0x00a5ee    program     static                          
           ___if_lbl00021   0x00a5fe    program     static                          
           ___if_lbl00027   0x00a6cc    program     static                          
           ___if_lbl00030   0x00a744    program     static                          
       ___return_lbl00000   0x000004    program     static                          
       ___return_lbl00000   0x00a3e6    program     static                          
       ___return_lbl00000   0x00d634    program     static                          
       ___return_lbl00000   0x00d558    program     static                          
       ___return_lbl00000   0x000010    program     static                          
       ___return_lbl00001   0x00d69c    program     static                          
       ___return_lbl00001   0x00d14e    program     static                          
       ___return_lbl00002   0x00d48c    program     static                          
       ___return_lbl00002   0x000020    program     static                          
       ___return_lbl00009   0x009508    program     static                          
       ___return_lbl00019   0x00a74c    program     static                          
       ___return_lbl00034   0x00b456    program     static                          
       ___return_lbl00079   0x00af2a    program     static                          
       ___return_lbl00080   0x00af6e    program     static                          
       ___return_lbl00083   0x00afb4    program     static                          
       ___return_lbl00086   0x00b002    program     static                          
       ___return_lbl00089   0x00b050    program     static                          
       ___return_lbl00100   0x00a02c    program     static                          
       ___return_lbl00377   0x005b0a    program     static                          
        ___while_lbl00001   0x00a2f6    program     static                          
        ___while_lbl00002   0x00a2fc    program     static                          
        ___while_lbl00010   0x009362    program     static                          
        ___while_lbl00011   0x0094c0    program     static                          
        ___while_lbl00012   0x00936a    program     static                          
        ___while_lbl00013   0x00936e    program     static                          
        ___while_lbl00081   0x00af3a    program     static                          
        ___while_lbl00082   0x00af6e    program     static                          
        ___while_lbl00084   0x00af7e    program     static                          
        ___while_lbl00085   0x00afb4    program     static                          
        ___while_lbl00087   0x00afd8    program     static                          
        ___while_lbl00088   0x00afde    program     static                          
        ___while_lbl00090   0x00b04a    program     static                          
        ___while_lbl00091   0x00b050    program     static                          
               __config_0   0x01fff8    program     static D:\jo\Ideonics\Repository\tcpip_to_uart\TCPIP\MainDemo.c
               __config_1   0x01fffa    program     static D:\jo\Ideonics\Repository\tcpip_to_uart\TCPIP\MainDemo.c
               __config_2   0x01fffd    program     static D:\jo\Ideonics\Repository\tcpip_to_uart\TCPIP\MainDemo.c
                   __init   0x000006    program     extern E:\c18v3.46\pic18-lt\cxx-framework\src\traditional\stdclib\__init.c
               __string_0   0x00d6b0    program     static D:\jo\Ideonics\Repository\tcpip_to_uart\TCPIP\MainDemo.c
               __tmplbl_0   0x0093cc    program     static                          
              __tmplbl_10   0x00a668    program     static                          
              __tmplbl_11   0x00a666    program     static                          
              __tmplbl_12   0x00a732    program     static                          
              __tmplbl_13   0x00a724    program     static                          
              __tmplbl_14   0x00a72a    program     static                          
               __tmplbl_5   0x00a6ca    program     static                          
               __tmplbl_6   0x00a6b6    program     static                          
               __tmplbl_7   0x00a6a0    program     static                          
               __tmplbl_8   0x00a68c    program     static                          
               __tmplbl_9   0x00a676    program     static                          
            __zero_memory   0x00d636    program     extern E:\c18v3.46\pic18-lt\cxx-framework\src\traditional\proc\p18f67j60.asm
                _do_cinit   0x00d3f0    program     extern E:\c18v3.46\pic18-lt\cxx-framework\src\traditional\startup\c018i.c
                   _entry   0x000000    program     extern E:\c18v3.46\pic18-lt\cxx-framework\src\traditional\startup\c018i.c
                   _false   0x00d554    program     static                          
                 _startup   0x00d682    program     extern E:\c18v3.46\pic18-lt\cxx-framework\src\traditional\startup\c018i.c
                   accept   0x006846    program     extern D:\jo\Ideonics\Repository\tcpip_to_uart\TCPIP\source\BerkeleyAPI.c
                     bind   0x00638e    program     extern D:\jo\Ideonics\Repository\tcpip_to_uart\TCPIP\source\BerkeleyAPI.c
             btohexa_high   0x009bd8    program     extern D:\jo\Ideonics\Repository\tcpip_to_uart\TCPIP\source\Helpers.c
              btohexa_low   0x009c10    program     extern D:\jo\Ideonics\Repository\tcpip_to_uart\TCPIP\source\Helpers.c
                 checksum   0x00b4b4    program     extern D:\jo\Ideonics\Repository\tcpip_to_uart\application\communication.c
              closesocket   0x0079d8    program     extern D:\jo\Ideonics\Repository\tcpip_to_uart\TCPIP\source\BerkeleyAPI.c
                compare_l   0x00d658    program     static E:\c18v3.46\pic18-lt\cxx-framework\src\traditional\proc\p18f67j60.asm
                  connect   0x006bd0    program     extern D:\jo\Ideonics\Repository\tcpip_to_uart\TCPIP\source\BerkeleyAPI.c
                copy_loop   0x00d462    program     static                          
            copy_one_byte   0x00d468    program     static                          
                     done   0x00d48c    program     static                          
             done_copying   0x00d476    program     static                          
                  endloop   0x00d630    program     static                          
              gethostname   0x0078cc    program     extern D:\jo\Ideonics\Repository\tcpip_to_uart\TCPIP\source\BerkeleyAPI.c
                  hexatob   0x009b1a    program     extern D:\jo\Ideonics\Repository\tcpip_to_uart\TCPIP\source\Helpers.c
           high_interrupt   0x000008    program     extern D:\jo\Ideonics\Repository\tcpip_to_uart\application\interruptvector.c
                     jEnd   0x00d02c    program     static E:\c18v3.46\pic18-lt\cxx-framework\src\traditional\stdclib\memset.asm
                     jEnd   0x00cfa2    program     static E:\c18v3.46\pic18-lt\cxx-framework\src\traditional\stdclib\memcpy.asm
                     jEnd   0x00cff8    program     static E:\c18v3.46\pic18-lt\cxx-framework\src\traditional\stdclib\mcpyp2r.asm
                     jEnd   0x00d118    program     static E:\c18v3.46\pic18-lt\cxx-framework\src\traditional\stdclib\strupr.asm
                     jEnd   0x00d048    program     static E:\c18v3.46\pic18-lt\cxx-framework\src\traditional\stdclib\strlen.asm
                     jEnd   0x00d0de    program     static E:\c18v3.46\pic18-lt\cxx-framework\src\traditional\stdclib\strncpy.asm
                     jEnd   0x00d080    program     static E:\c18v3.46\pic18-lt\cxx-framework\src\traditional\stdclib\slenpgm.asm
                    jLoop   0x00d00e    program     static E:\c18v3.46\pic18-lt\cxx-framework\src\traditional\stdclib\memset.asm
                    jLoop   0x00d068    program     static E:\c18v3.46\pic18-lt\cxx-framework\src\traditional\stdclib\slenpgm.asm
                    jLoop   0x00d03e    program     static E:\c18v3.46\pic18-lt\cxx-framework\src\traditional\stdclib\strlen.asm
                    jLoop   0x00d104    program     static E:\c18v3.46\pic18-lt\cxx-framework\src\traditional\stdclib\strupr.asm
                    jLoop   0x00cfda    program     static E:\c18v3.46\pic18-lt\cxx-framework\src\traditional\stdclib\mcpyp2r.asm
                    jLoop   0x00d0bc    program     static E:\c18v3.46\pic18-lt\cxx-framework\src\traditional\stdclib\strncpy.asm
                    jLoop   0x00cf86    program     static E:\c18v3.46\pic18-lt\cxx-framework\src\traditional\stdclib\memcpy.asm
                    jSkip   0x00d114    program     static E:\c18v3.46\pic18-lt\cxx-framework\src\traditional\stdclib\strupr.asm
          leftRotateDWORD   0x009fb4    program     extern D:\jo\Ideonics\Repository\tcpip_to_uart\TCPIP\source\Helpers.c
                   listen   0x006536    program     extern D:\jo\Ideonics\Repository\tcpip_to_uart\TCPIP\source\BerkeleyAPI.c
                  logRead   0x00ca32    program     extern D:\jo\Ideonics\Repository\tcpip_to_uart\application\app.c
                 logWrite   0x00c8d8    program     extern D:\jo\Ideonics\Repository\tcpip_to_uart\application\app.c
                     loop   0x00d692    program     static                          
                     loop   0x00d520    program     static                          
                     loop   0x00d614    program     static                          
                   loop_h   0x00d650    program     static E:\c18v3.46\pic18-lt\cxx-framework\src\traditional\proc\p18f67j60.asm
                   loop_l   0x00d65a    program     static E:\c18v3.46\pic18-lt\cxx-framework\src\traditional\proc\p18f67j60.asm
            low_interrupt   0x000018    program     extern D:\jo\Ideonics\Repository\tcpip_to_uart\application\interruptvector.c
                     main   0x00cd6a    program     extern D:\jo\Ideonics\Repository\tcpip_to_uart\TCPIP\MainDemo.c
                   memcpy   0x00cf5e    program     extern E:\c18v3.46\pic18-lt\cxx-framework\src\traditional\stdclib\memcpy.asm
            memcpypgm2ram   0x00cfb4    program     extern E:\c18v3.46\pic18-lt\cxx-framework\src\traditional\stdclib\mcpyp2r.asm
                   memset   0x00cffa    program     extern E:\c18v3.46\pic18-lt\cxx-framework\src\traditional\stdclib\memset.asm
              parsePacket   0x00b336    program     extern D:\jo\Ideonics\Repository\tcpip_to_uart\application\communication.c
                     recv   0x00747a    program     extern D:\jo\Ideonics\Repository\tcpip_to_uart\TCPIP\source\BerkeleyAPI.c
                 recvfrom   0x0075d0    program     extern D:\jo\Ideonics\Repository\tcpip_to_uart\TCPIP\source\BerkeleyAPI.c
                     send   0x006f84    program     extern D:\jo\Ideonics\Repository\tcpip_to_uart\TCPIP\source\BerkeleyAPI.c
                   sendto   0x006fd6    program     extern D:\jo\Ideonics\Repository\tcpip_to_uart\TCPIP\source\BerkeleyAPI.c
                   socket   0x006206    program     extern D:\jo\Ideonics\Repository\tcpip_to_uart\TCPIP\source\BerkeleyAPI.c
           stricmppgm2ram   0x009c44    program     extern D:\jo\Ideonics\Repository\tcpip_to_uart\TCPIP\source\Helpers.c
                   strlen   0x00d02e    program     extern E:\c18v3.46\pic18-lt\cxx-framework\src\traditional\stdclib\strlen.asm
                strlenpgm   0x00d04a    program     extern E:\c18v3.46\pic18-lt\cxx-framework\src\traditional\stdclib\slenpgm.asm
                  strnchr   0x00a0d2    program     extern D:\jo\Ideonics\Repository\tcpip_to_uart\TCPIP\source\Helpers.c
                  strncpy   0x00d094    program     extern E:\c18v3.46\pic18-lt\cxx-framework\src\traditional\stdclib\strncpy.asm
                strncpy_m   0x00a14a    program     extern D:\jo\Ideonics\Repository\tcpip_to_uart\TCPIP\source\Helpers.c
                   strupr   0x00d0f0    program     extern E:\c18v3.46\pic18-lt\cxx-framework\src\traditional\stdclib\strupr.asm
                    swapl   0x009d98    program     extern D:\jo\Ideonics\Repository\tcpip_to_uart\TCPIP\source\Helpers.c
                    swaps   0x009d44    program     extern D:\jo\Ideonics\Repository\tcpip_to_uart\TCPIP\source\Helpers.c
                     test   0x00d40a    program     static                          
                    uitoa   0x0099ce    program     extern D:\jo\Ideonics\Repository\tcpip_to_uart\TCPIP\source\Helpers.c
               zero_block   0x00d650    program     static E:\c18v3.46\pic18-lt\cxx-framework\src\traditional\proc\p18f67j60.asm
                   ADCON0   0x000fc2       data     extern E:\c18v3.46\pic18-lt\cxx-framework\src\traditional\proc\p18f67j60.asm
               ADCON0bits   0x000fc2       data     extern E:\c18v3.46\pic18-lt\cxx-framework\src\traditional\proc\p18f67j60.asm
                   ADCON1   0x000fc1       data     extern E:\c18v3.46\pic18-lt\cxx-framework\src\traditional\proc\p18f67j60.asm
               ADCON1bits   0x000fc1       data     extern E:\c18v3.46\pic18-lt\cxx-framework\src\traditional\proc\p18f67j60.asm
                   ADCON2   0x000fc0       data     extern E:\c18v3.46\pic18-lt\cxx-framework\src\traditional\proc\p18f67j60.asm
               ADCON2bits   0x000fc0       data     extern E:\c18v3.46\pic18-lt\cxx-framework\src\traditional\proc\p18f67j60.asm
                    ADRES   0x000fc3       data     extern E:\c18v3.46\pic18-lt\cxx-framework\src\traditional\proc\p18f67j60.asm
                   ADRESH   0x000fc4       data     extern E:\c18v3.46\pic18-lt\cxx-framework\src\traditional\proc\p18f67j60.asm
                   ADRESL   0x000fc3       data     extern E:\c18v3.46\pic18-lt\cxx-framework\src\traditional\proc\p18f67j60.asm
                AN0String   0x000e35       data     extern D:\jo\Ideonics\Repository\tcpip_to_uart\TCPIP\MainDemo.c
                AppConfig   0x000e00       data     extern D:\jo\Ideonics\Repository\tcpip_to_uart\TCPIP\MainDemo.c
                  BAUDCON   0x000f7e       data     extern E:\c18v3.46\pic18-lt\cxx-framework\src\traditional\proc\p18f67j60.asm
                 BAUDCON1   0x000f7e       data     extern E:\c18v3.46\pic18-lt\cxx-framework\src\traditional\proc\p18f67j60.asm
             BAUDCON1bits   0x000f7e       data     extern E:\c18v3.46\pic18-lt\cxx-framework\src\traditional\proc\p18f67j60.asm
              BAUDCONbits   0x000f7e       data     extern E:\c18v3.46\pic18-lt\cxx-framework\src\traditional\proc\p18f67j60.asm
                  BAUDCTL   0x000f7e       data     extern E:\c18v3.46\pic18-lt\cxx-framework\src\traditional\proc\p18f67j60.asm
                 BAUDCTL1   0x000f7e       data     extern E:\c18v3.46\pic18-lt\cxx-framework\src\traditional\proc\p18f67j60.asm
             BAUDCTL1bits   0x000f7e       data     extern E:\c18v3.46\pic18-lt\cxx-framework\src\traditional\proc\p18f67j60.asm
              BAUDCTLbits   0x000f7e       data     extern E:\c18v3.46\pic18-lt\cxx-framework\src\traditional\proc\p18f67j60.asm
                BSDServer   0x000f51       data     extern D:\jo\Ideonics\Repository\tcpip_to_uart\TCPIP\BerkeleyTCPServerDemo.c
           BSDSocketArray   0x000487       data     extern D:\jo\Ideonics\Repository\tcpip_to_uart\TCPIP\source\BerkeleyAPI.c
                      BSR   0x000fe0       data     extern E:\c18v3.46\pic18-lt\cxx-framework\src\traditional\proc\p18f67j60.asm
                  CCP1CON   0x000fbd       data     extern E:\c18v3.46\pic18-lt\cxx-framework\src\traditional\proc\p18f67j60.asm
              CCP1CONbits   0x000fbd       data     extern E:\c18v3.46\pic18-lt\cxx-framework\src\traditional\proc\p18f67j60.asm
                  CCP2CON   0x000fba       data     extern E:\c18v3.46\pic18-lt\cxx-framework\src\traditional\proc\p18f67j60.asm
              CCP2CONbits   0x000fba       data     extern E:\c18v3.46\pic18-lt\cxx-framework\src\traditional\proc\p18f67j60.asm
                  CCP3CON   0x000fb7       data     extern E:\c18v3.46\pic18-lt\cxx-framework\src\traditional\proc\p18f67j60.asm
              CCP3CONbits   0x000fb7       data     extern E:\c18v3.46\pic18-lt\cxx-framework\src\traditional\proc\p18f67j60.asm
                  CCP4CON   0x000f73       data     extern E:\c18v3.46\pic18-lt\cxx-framework\src\traditional\proc\p18f67j60.asm
              CCP4CONbits   0x000f73       data     extern E:\c18v3.46\pic18-lt\cxx-framework\src\traditional\proc\p18f67j60.asm
                  CCP5CON   0x000f70       data     extern E:\c18v3.46\pic18-lt\cxx-framework\src\traditional\proc\p18f67j60.asm
              CCP5CONbits   0x000f70       data     extern E:\c18v3.46\pic18-lt\cxx-framework\src\traditional\proc\p18f67j60.asm
                    CCPR1   0x000fbe       data     extern E:\c18v3.46\pic18-lt\cxx-framework\src\traditional\proc\p18f67j60.asm
                   CCPR1H   0x000fbf       data     extern E:\c18v3.46\pic18-lt\cxx-framework\src\traditional\proc\p18f67j60.asm
                   CCPR1L   0x000fbe       data     extern E:\c18v3.46\pic18-lt\cxx-framework\src\traditional\proc\p18f67j60.asm
                    CCPR2   0x000fbb       data     extern E:\c18v3.46\pic18-lt\cxx-framework\src\traditional\proc\p18f67j60.asm
                   CCPR2H   0x000fbc       data     extern E:\c18v3.46\pic18-lt\cxx-framework\src\traditional\proc\p18f67j60.asm
                   CCPR2L   0x000fbb       data     extern E:\c18v3.46\pic18-lt\cxx-framework\src\traditional\proc\p18f67j60.asm
                    CCPR3   0x000fb8       data     extern E:\c18v3.46\pic18-lt\cxx-framework\src\traditional\proc\p18f67j60.asm
                   CCPR3H   0x000fb9       data     extern E:\c18v3.46\pic18-lt\cxx-framework\src\traditional\proc\p18f67j60.asm
                   CCPR3L   0x000fb8       data     extern E:\c18v3.46\pic18-lt\cxx-framework\src\traditional\proc\p18f67j60.asm
                    CCPR4   0x000f74       data     extern E:\c18v3.46\pic18-lt\cxx-framework\src\traditional\proc\p18f67j60.asm
                   CCPR4H   0x000f75       data     extern E:\c18v3.46\pic18-lt\cxx-framework\src\traditional\proc\p18f67j60.asm
                   CCPR4L   0x000f74       data     extern E:\c18v3.46\pic18-lt\cxx-framework\src\traditional\proc\p18f67j60.asm
                    CCPR5   0x000f71       data     extern E:\c18v3.46\pic18-lt\cxx-framework\src\traditional\proc\p18f67j60.asm
                   CCPR5H   0x000f72       data     extern E:\c18v3.46\pic18-lt\cxx-framework\src\traditional\proc\p18f67j60.asm
                   CCPR5L   0x000f71       data     extern E:\c18v3.46\pic18-lt\cxx-framework\src\traditional\proc\p18f67j60.asm
                    CMCON   0x000fb4       data     extern E:\c18v3.46\pic18-lt\cxx-framework\src\traditional\proc\p18f67j60.asm
                CMCONbits   0x000fb4       data     extern E:\c18v3.46\pic18-lt\cxx-framework\src\traditional\proc\p18f67j60.asm
                   CVRCON   0x000fb5       data     extern E:\c18v3.46\pic18-lt\cxx-framework\src\traditional\proc\p18f67j60.asm
               CVRCONbits   0x000fb5       data     extern E:\c18v3.46\pic18-lt\cxx-framework\src\traditional\proc\p18f67j60.asm
                    Cache   0x000500       data     static D:\jo\Ideonics\Repository\tcpip_to_uart\TCPIP\source\ARP.c
    CurrentPacketLocation   0x000520       data     static D:\jo\Ideonics\Repository\tcpip_to_uart\TCPIP\source\ETH97J60.c
                     DDRA   0x000f92       data     extern E:\c18v3.46\pic18-lt\cxx-framework\src\traditional\proc\p18f67j60.asm
                 DDRAbits   0x000f92       data     extern E:\c18v3.46\pic18-lt\cxx-framework\src\traditional\proc\p18f67j60.asm
                     DDRB   0x000f93       data     extern E:\c18v3.46\pic18-lt\cxx-framework\src\traditional\proc\p18f67j60.asm
                 DDRBbits   0x000f93       data     extern E:\c18v3.46\pic18-lt\cxx-framework\src\traditional\proc\p18f67j60.asm
                     DDRC   0x000f94       data     extern E:\c18v3.46\pic18-lt\cxx-framework\src\traditional\proc\p18f67j60.asm
                 DDRCbits   0x000f94       data     extern E:\c18v3.46\pic18-lt\cxx-framework\src\traditional\proc\p18f67j60.asm
                     DDRD   0x000f95       data     extern E:\c18v3.46\pic18-lt\cxx-framework\src\traditional\proc\p18f67j60.asm
                 DDRDbits   0x000f95       data     extern E:\c18v3.46\pic18-lt\cxx-framework\src\traditional\proc\p18f67j60.asm
                     DDRE   0x000f96       data     extern E:\c18v3.46\pic18-lt\cxx-framework\src\traditional\proc\p18f67j60.asm
                 DDREbits   0x000f96       data     extern E:\c18v3.46\pic18-lt\cxx-framework\src\traditional\proc\p18f67j60.asm
                     DDRF   0x000f97       data     extern E:\c18v3.46\pic18-lt\cxx-framework\src\traditional\proc\p18f67j60.asm
                 DDRFbits   0x000f97       data     extern E:\c18v3.46\pic18-lt\cxx-framework\src\traditional\proc\p18f67j60.asm
                     DDRG   0x000f98       data     extern E:\c18v3.46\pic18-lt\cxx-framework\src\traditional\proc\p18f67j60.asm
                 DDRGbits   0x000f98       data     extern E:\c18v3.46\pic18-lt\cxx-framework\src\traditional\proc\p18f67j60.asm
            DelayCounter1   0x000022       data     extern E:\c18v3.46\pic18-lt\cxx-framework\src\traditional\delays\delayd1.asm
                  ECCP1AS   0x000fb6       data     extern E:\c18v3.46\pic18-lt\cxx-framework\src\traditional\proc\p18f67j60.asm
              ECCP1ASbits   0x000fb6       data     extern E:\c18v3.46\pic18-lt\cxx-framework\src\traditional\proc\p18f67j60.asm
                 ECCP1CON   0x000fbd       data     extern E:\c18v3.46\pic18-lt\cxx-framework\src\traditional\proc\p18f67j60.asm
             ECCP1CONbits   0x000fbd       data     extern E:\c18v3.46\pic18-lt\cxx-framework\src\traditional\proc\p18f67j60.asm
                 ECCP1DEL   0x000f79       data     extern E:\c18v3.46\pic18-lt\cxx-framework\src\traditional\proc\p18f67j60.asm
             ECCP1DELbits   0x000f79       data     extern E:\c18v3.46\pic18-lt\cxx-framework\src\traditional\proc\p18f67j60.asm
                  ECCP2AS   0x000f68       data     extern E:\c18v3.46\pic18-lt\cxx-framework\src\traditional\proc\p18f67j60.asm
              ECCP2ASbits   0x000f68       data     extern E:\c18v3.46\pic18-lt\cxx-framework\src\traditional\proc\p18f67j60.asm
                 ECCP2CON   0x000fba       data     extern E:\c18v3.46\pic18-lt\cxx-framework\src\traditional\proc\p18f67j60.asm
             ECCP2CONbits   0x000fba       data     extern E:\c18v3.46\pic18-lt\cxx-framework\src\traditional\proc\p18f67j60.asm
                 ECCP2DEL   0x000f67       data     extern E:\c18v3.46\pic18-lt\cxx-framework\src\traditional\proc\p18f67j60.asm
             ECCP2DELbits   0x000f67       data     extern E:\c18v3.46\pic18-lt\cxx-framework\src\traditional\proc\p18f67j60.asm
                  ECCP3AS   0x000f6a       data     extern E:\c18v3.46\pic18-lt\cxx-framework\src\traditional\proc\p18f67j60.asm
              ECCP3ASbits   0x000f6a       data     extern E:\c18v3.46\pic18-lt\cxx-framework\src\traditional\proc\p18f67j60.asm
                 ECCP3CON   0x000fb7       data     extern E:\c18v3.46\pic18-lt\cxx-framework\src\traditional\proc\p18f67j60.asm
             ECCP3CONbits   0x000fb7       data     extern E:\c18v3.46\pic18-lt\cxx-framework\src\traditional\proc\p18f67j60.asm
                 ECCP3DEL   0x000f69       data     extern E:\c18v3.46\pic18-lt\cxx-framework\src\traditional\proc\p18f67j60.asm
             ECCP3DELbits   0x000f69       data     extern E:\c18v3.46\pic18-lt\cxx-framework\src\traditional\proc\p18f67j60.asm
                    ECON1   0x000fd2       data     extern E:\c18v3.46\pic18-lt\cxx-framework\src\traditional\proc\p18f67j60.asm
                ECON1bits   0x000fd2       data     extern E:\c18v3.46\pic18-lt\cxx-framework\src\traditional\proc\p18f67j60.asm
                    ECON2   0x000efe       data     extern E:\c18v3.46\pic18-lt\cxx-framework\src\traditional\proc\p18f67j60.asm
                ECON2bits   0x000efe       data     extern E:\c18v3.46\pic18-lt\cxx-framework\src\traditional\proc\p18f67j60.asm
                    EDATA   0x000f61       data     extern E:\c18v3.46\pic18-lt\cxx-framework\src\traditional\proc\p18f67j60.asm
                EDATAbits   0x000f61       data     extern E:\c18v3.46\pic18-lt\cxx-framework\src\traditional\proc\p18f67j60.asm
                   EDMACS   0x000ef6       data     extern E:\c18v3.46\pic18-lt\cxx-framework\src\traditional\proc\p18f67j60.asm
                  EDMACSH   0x000ef7       data     extern E:\c18v3.46\pic18-lt\cxx-framework\src\traditional\proc\p18f67j60.asm
                  EDMACSL   0x000ef6       data     extern E:\c18v3.46\pic18-lt\cxx-framework\src\traditional\proc\p18f67j60.asm
                  EDMADST   0x000ef4       data     extern E:\c18v3.46\pic18-lt\cxx-framework\src\traditional\proc\p18f67j60.asm
                 EDMADSTH   0x000ef5       data     extern E:\c18v3.46\pic18-lt\cxx-framework\src\traditional\proc\p18f67j60.asm
                 EDMADSTL   0x000ef4       data     extern E:\c18v3.46\pic18-lt\cxx-framework\src\traditional\proc\p18f67j60.asm
                   EDMAND   0x000ef2       data     extern E:\c18v3.46\pic18-lt\cxx-framework\src\traditional\proc\p18f67j60.asm
                  EDMANDH   0x000ef3       data     extern E:\c18v3.46\pic18-lt\cxx-framework\src\traditional\proc\p18f67j60.asm
                  EDMANDL   0x000ef2       data     extern E:\c18v3.46\pic18-lt\cxx-framework\src\traditional\proc\p18f67j60.asm
                   EDMAST   0x000ef0       data     extern E:\c18v3.46\pic18-lt\cxx-framework\src\traditional\proc\p18f67j60.asm
                  EDMASTH   0x000ef1       data     extern E:\c18v3.46\pic18-lt\cxx-framework\src\traditional\proc\p18f67j60.asm
                  EDMASTL   0x000ef0       data     extern E:\c18v3.46\pic18-lt\cxx-framework\src\traditional\proc\p18f67j60.asm
                   EECON1   0x000fa6       data     extern E:\c18v3.46\pic18-lt\cxx-framework\src\traditional\proc\p18f67j60.asm
               EECON1bits   0x000fa6       data     extern E:\c18v3.46\pic18-lt\cxx-framework\src\traditional\proc\p18f67j60.asm
                   EECON2   0x000fa7       data     extern E:\c18v3.46\pic18-lt\cxx-framework\src\traditional\proc\p18f67j60.asm
                  EFLOCON   0x000e97       data     extern E:\c18v3.46\pic18-lt\cxx-framework\src\traditional\proc\p18f67j60.asm
              EFLOCONbits   0x000e97       data     extern E:\c18v3.46\pic18-lt\cxx-framework\src\traditional\proc\p18f67j60.asm
                     EHT0   0x000ec0       data     extern E:\c18v3.46\pic18-lt\cxx-framework\src\traditional\proc\p18f67j60.asm
                     EHT1   0x000ec1       data     extern E:\c18v3.46\pic18-lt\cxx-framework\src\traditional\proc\p18f67j60.asm
                     EHT2   0x000ec2       data     extern E:\c18v3.46\pic18-lt\cxx-framework\src\traditional\proc\p18f67j60.asm
                     EHT3   0x000ec3       data     extern E:\c18v3.46\pic18-lt\cxx-framework\src\traditional\proc\p18f67j60.asm
                     EHT4   0x000ec4       data     extern E:\c18v3.46\pic18-lt\cxx-framework\src\traditional\proc\p18f67j60.asm
                     EHT5   0x000ec5       data     extern E:\c18v3.46\pic18-lt\cxx-framework\src\traditional\proc\p18f67j60.asm
                     EHT6   0x000ec6       data     extern E:\c18v3.46\pic18-lt\cxx-framework\src\traditional\proc\p18f67j60.asm
                     EHT7   0x000ec7       data     extern E:\c18v3.46\pic18-lt\cxx-framework\src\traditional\proc\p18f67j60.asm
                      EIE   0x000efb       data     extern E:\c18v3.46\pic18-lt\cxx-framework\src\traditional\proc\p18f67j60.asm
                  EIEbits   0x000efb       data     extern E:\c18v3.46\pic18-lt\cxx-framework\src\traditional\proc\p18f67j60.asm
                      EIR   0x000f60       data     extern E:\c18v3.46\pic18-lt\cxx-framework\src\traditional\proc\p18f67j60.asm
                  EIRbits   0x000f60       data     extern E:\c18v3.46\pic18-lt\cxx-framework\src\traditional\proc\p18f67j60.asm
                    EPAUS   0x000e98       data     extern E:\c18v3.46\pic18-lt\cxx-framework\src\traditional\proc\p18f67j60.asm
                   EPAUSH   0x000e99       data     extern E:\c18v3.46\pic18-lt\cxx-framework\src\traditional\proc\p18f67j60.asm
                   EPAUSL   0x000e98       data     extern E:\c18v3.46\pic18-lt\cxx-framework\src\traditional\proc\p18f67j60.asm
                  EPKTCNT   0x000ed9       data     extern E:\c18v3.46\pic18-lt\cxx-framework\src\traditional\proc\p18f67j60.asm
                    EPMCS   0x000ed0       data     extern E:\c18v3.46\pic18-lt\cxx-framework\src\traditional\proc\p18f67j60.asm
                   EPMCSH   0x000ed1       data     extern E:\c18v3.46\pic18-lt\cxx-framework\src\traditional\proc\p18f67j60.asm
                   EPMCSL   0x000ed0       data     extern E:\c18v3.46\pic18-lt\cxx-framework\src\traditional\proc\p18f67j60.asm
                    EPMM0   0x000ec8       data     extern E:\c18v3.46\pic18-lt\cxx-framework\src\traditional\proc\p18f67j60.asm
                    EPMM1   0x000ec9       data     extern E:\c18v3.46\pic18-lt\cxx-framework\src\traditional\proc\p18f67j60.asm
                    EPMM2   0x000eca       data     extern E:\c18v3.46\pic18-lt\cxx-framework\src\traditional\proc\p18f67j60.asm
                    EPMM3   0x000ecb       data     extern E:\c18v3.46\pic18-lt\cxx-framework\src\traditional\proc\p18f67j60.asm
                    EPMM4   0x000ecc       data     extern E:\c18v3.46\pic18-lt\cxx-framework\src\traditional\proc\p18f67j60.asm
                    EPMM5   0x000ecd       data     extern E:\c18v3.46\pic18-lt\cxx-framework\src\traditional\proc\p18f67j60.asm
                    EPMM6   0x000ece       data     extern E:\c18v3.46\pic18-lt\cxx-framework\src\traditional\proc\p18f67j60.asm
                    EPMM7   0x000ecf       data     extern E:\c18v3.46\pic18-lt\cxx-framework\src\traditional\proc\p18f67j60.asm
                     EPMO   0x000ed4       data     extern E:\c18v3.46\pic18-lt\cxx-framework\src\traditional\proc\p18f67j60.asm
                    EPMOH   0x000ed5       data     extern E:\c18v3.46\pic18-lt\cxx-framework\src\traditional\proc\p18f67j60.asm
                    EPMOL   0x000ed4       data     extern E:\c18v3.46\pic18-lt\cxx-framework\src\traditional\proc\p18f67j60.asm
                    ERDPT   0x000f7a       data     extern E:\c18v3.46\pic18-lt\cxx-framework\src\traditional\proc\p18f67j60.asm
                   ERDPTH   0x000f7b       data     extern E:\c18v3.46\pic18-lt\cxx-framework\src\traditional\proc\p18f67j60.asm
                   ERDPTL   0x000f7a       data     extern E:\c18v3.46\pic18-lt\cxx-framework\src\traditional\proc\p18f67j60.asm
                  ERXFCON   0x000ed8       data     extern E:\c18v3.46\pic18-lt\cxx-framework\src\traditional\proc\p18f67j60.asm
              ERXFCONbits   0x000ed8       data     extern E:\c18v3.46\pic18-lt\cxx-framework\src\traditional\proc\p18f67j60.asm
                    ERXND   0x000eea       data     extern E:\c18v3.46\pic18-lt\cxx-framework\src\traditional\proc\p18f67j60.asm
                   ERXNDH   0x000eeb       data     extern E:\c18v3.46\pic18-lt\cxx-framework\src\traditional\proc\p18f67j60.asm
                   ERXNDL   0x000eea       data     extern E:\c18v3.46\pic18-lt\cxx-framework\src\traditional\proc\p18f67j60.asm
                  ERXRDPT   0x000eec       data     extern E:\c18v3.46\pic18-lt\cxx-framework\src\traditional\proc\p18f67j60.asm
                 ERXRDPTH   0x000eed       data     extern E:\c18v3.46\pic18-lt\cxx-framework\src\traditional\proc\p18f67j60.asm
                 ERXRDPTL   0x000eec       data     extern E:\c18v3.46\pic18-lt\cxx-framework\src\traditional\proc\p18f67j60.asm
                    ERXST   0x000ee8       data     extern E:\c18v3.46\pic18-lt\cxx-framework\src\traditional\proc\p18f67j60.asm
                   ERXSTH   0x000ee9       data     extern E:\c18v3.46\pic18-lt\cxx-framework\src\traditional\proc\p18f67j60.asm
                   ERXSTL   0x000ee8       data     extern E:\c18v3.46\pic18-lt\cxx-framework\src\traditional\proc\p18f67j60.asm
                  ERXWRPT   0x000eee       data     extern E:\c18v3.46\pic18-lt\cxx-framework\src\traditional\proc\p18f67j60.asm
                 ERXWRPTH   0x000eef       data     extern E:\c18v3.46\pic18-lt\cxx-framework\src\traditional\proc\p18f67j60.asm
                 ERXWRPTL   0x000eee       data     extern E:\c18v3.46\pic18-lt\cxx-framework\src\traditional\proc\p18f67j60.asm
                    ESTAT   0x000efd       data     extern E:\c18v3.46\pic18-lt\cxx-framework\src\traditional\proc\p18f67j60.asm
                ESTATbits   0x000efd       data     extern E:\c18v3.46\pic18-lt\cxx-framework\src\traditional\proc\p18f67j60.asm
                    ETXND   0x000ee6       data     extern E:\c18v3.46\pic18-lt\cxx-framework\src\traditional\proc\p18f67j60.asm
                   ETXNDH   0x000ee7       data     extern E:\c18v3.46\pic18-lt\cxx-framework\src\traditional\proc\p18f67j60.asm
                   ETXNDL   0x000ee6       data     extern E:\c18v3.46\pic18-lt\cxx-framework\src\traditional\proc\p18f67j60.asm
                    ETXST   0x000ee4       data     extern E:\c18v3.46\pic18-lt\cxx-framework\src\traditional\proc\p18f67j60.asm
                   ETXSTH   0x000ee5       data     extern E:\c18v3.46\pic18-lt\cxx-framework\src\traditional\proc\p18f67j60.asm
                   ETXSTL   0x000ee4       data     extern E:\c18v3.46\pic18-lt\cxx-framework\src\traditional\proc\p18f67j60.asm
                    EWRPT   0x000ee2       data     extern E:\c18v3.46\pic18-lt\cxx-framework\src\traditional\proc\p18f67j60.asm
                   EWRPTH   0x000ee3       data     extern E:\c18v3.46\pic18-lt\cxx-framework\src\traditional\proc\p18f67j60.asm
                   EWRPTL   0x000ee2       data     extern E:\c18v3.46\pic18-lt\cxx-framework\src\traditional\proc\p18f67j60.asm
                     FSR0   0x000fe9       data     extern E:\c18v3.46\pic18-lt\cxx-framework\src\traditional\proc\p18f67j60.asm
                    FSR0H   0x000fea       data     extern E:\c18v3.46\pic18-lt\cxx-framework\src\traditional\proc\p18f67j60.asm
                    FSR0L   0x000fe9       data     extern E:\c18v3.46\pic18-lt\cxx-framework\src\traditional\proc\p18f67j60.asm
                     FSR1   0x000fe1       data     extern E:\c18v3.46\pic18-lt\cxx-framework\src\traditional\proc\p18f67j60.asm
                    FSR1H   0x000fe2       data     extern E:\c18v3.46\pic18-lt\cxx-framework\src\traditional\proc\p18f67j60.asm
                    FSR1L   0x000fe1       data     extern E:\c18v3.46\pic18-lt\cxx-framework\src\traditional\proc\p18f67j60.asm
                     FSR2   0x000fd9       data     extern E:\c18v3.46\pic18-lt\cxx-framework\src\traditional\proc\p18f67j60.asm
                    FSR2H   0x000fda       data     extern E:\c18v3.46\pic18-lt\cxx-framework\src\traditional\proc\p18f67j60.asm
                    FSR2L   0x000fd9       data     extern E:\c18v3.46\pic18-lt\cxx-framework\src\traditional\proc\p18f67j60.asm
                    Flags   0x0003c1       data     static D:\jo\Ideonics\Repository\tcpip_to_uart\TCPIP\source\UDP.c
                    INDF0   0x000fef       data     extern E:\c18v3.46\pic18-lt\cxx-framework\src\traditional\proc\p18f67j60.asm
                    INDF1   0x000fe7       data     extern E:\c18v3.46\pic18-lt\cxx-framework\src\traditional\proc\p18f67j60.asm
                    INDF2   0x000fdf       data     extern E:\c18v3.46\pic18-lt\cxx-framework\src\traditional\proc\p18f67j60.asm
                   INTCON   0x000ff2       data     extern E:\c18v3.46\pic18-lt\cxx-framework\src\traditional\proc\p18f67j60.asm
                  INTCON2   0x000ff1       data     extern E:\c18v3.46\pic18-lt\cxx-framework\src\traditional\proc\p18f67j60.asm
              INTCON2bits   0x000ff1       data     extern E:\c18v3.46\pic18-lt\cxx-framework\src\traditional\proc\p18f67j60.asm
                  INTCON3   0x000ff0       data     extern E:\c18v3.46\pic18-lt\cxx-framework\src\traditional\proc\p18f67j60.asm
              INTCON3bits   0x000ff0       data     extern E:\c18v3.46\pic18-lt\cxx-framework\src\traditional\proc\p18f67j60.asm
               INTCONbits   0x000ff2       data     extern E:\c18v3.46\pic18-lt\cxx-framework\src\traditional\proc\p18f67j60.asm
              IPHeaderLen   0x000538       data     static D:\jo\Ideonics\Repository\tcpip_to_uart\TCPIP\source\IP.c
                     IPR1   0x000f9f       data     extern E:\c18v3.46\pic18-lt\cxx-framework\src\traditional\proc\p18f67j60.asm
                 IPR1bits   0x000f9f       data     extern E:\c18v3.46\pic18-lt\cxx-framework\src\traditional\proc\p18f67j60.asm
                     IPR2   0x000fa2       data     extern E:\c18v3.46\pic18-lt\cxx-framework\src\traditional\proc\p18f67j60.asm
                 IPR2bits   0x000fa2       data     extern E:\c18v3.46\pic18-lt\cxx-framework\src\traditional\proc\p18f67j60.asm
                     IPR3   0x000fa5       data     extern E:\c18v3.46\pic18-lt\cxx-framework\src\traditional\proc\p18f67j60.asm
                 IPR3bits   0x000fa5       data     extern E:\c18v3.46\pic18-lt\cxx-framework\src\traditional\proc\p18f67j60.asm
                     LATA   0x000f89       data     extern E:\c18v3.46\pic18-lt\cxx-framework\src\traditional\proc\p18f67j60.asm
                 LATAbits   0x000f89       data     extern E:\c18v3.46\pic18-lt\cxx-framework\src\traditional\proc\p18f67j60.asm
                     LATB   0x000f8a       data     extern E:\c18v3.46\pic18-lt\cxx-framework\src\traditional\proc\p18f67j60.asm
                 LATBbits   0x000f8a       data     extern E:\c18v3.46\pic18-lt\cxx-framework\src\traditional\proc\p18f67j60.asm
[...]
                     PIR2   0x000fa1       data     extern E:\c18v3.46\pic18-lt\cxx-framework\src\traditional\proc\p18f67j60.asm
                 PIR2bits   0x000fa1       data     extern E:\c18v3.46\pic18-lt\cxx-framework\src\traditional\proc\p18f67j60.asm
                     IPR2   0x000fa2       data     extern E:\c18v3.46\pic18-lt\cxx-framework\src\traditional\proc\p18f67j60.asm
                 IPR2bits   0x000fa2       data     extern E:\c18v3.46\pic18-lt\cxx-framework\src\traditional\proc\p18f67j60.asm
                     PIE3   0x000fa3       data     extern E:\c18v3.46\pic18-lt\cxx-framework\src\traditional\proc\p18f67j60.asm
                 PIE3bits   0x000fa3       data     extern E:\c18v3.46\pic18-lt\cxx-framework\src\traditional\proc\p18f67j60.asm
                     PIR3   0x000fa4       data     extern E:\c18v3.46\pic18-lt\cxx-framework\src\traditional\proc\p18f67j60.asm
                 PIR3bits   0x000fa4       data     extern E:\c18v3.46\pic18-lt\cxx-framework\src\traditional\proc\p18f67j60.asm
                 IPR3bits   0x000fa5       data     extern E:\c18v3.46\pic18-lt\cxx-framework\src\traditional\proc\p18f67j60.asm
                     IPR3   0x000fa5       data     extern E:\c18v3.46\pic18-lt\cxx-framework\src\traditional\proc\p18f67j60.asm
                   EECON1   0x000fa6       data     extern E:\c18v3.46\pic18-lt\cxx-framework\src\traditional\proc\p18f67j60.asm
               EECON1bits   0x000fa6       data     extern E:\c18v3.46\pic18-lt\cxx-framework\src\traditional\proc\p18f67j60.asm
                   EECON2   0x000fa7       data     extern E:\c18v3.46\pic18-lt\cxx-framework\src\traditional\proc\p18f67j60.asm
                    RCSTA   0x000fab       data     extern E:\c18v3.46\pic18-lt\cxx-framework\src\traditional\proc\p18f67j60.asm
                   RCSTA1   0x000fab       data     extern E:\c18v3.46\pic18-lt\cxx-framework\src\traditional\proc\p18f67j60.asm
               RCSTA1bits   0x000fab       data     extern E:\c18v3.46\pic18-lt\cxx-framework\src\traditional\proc\p18f67j60.asm
                RCSTAbits   0x000fab       data     extern E:\c18v3.46\pic18-lt\cxx-framework\src\traditional\proc\p18f67j60.asm
                   TXSTA1   0x000fac       data     extern E:\c18v3.46\pic18-lt\cxx-framework\src\traditional\proc\p18f67j60.asm
                    TXSTA   0x000fac       data     extern E:\c18v3.46\pic18-lt\cxx-framework\src\traditional\proc\p18f67j60.asm
               TXSTA1bits   0x000fac       data     extern E:\c18v3.46\pic18-lt\cxx-framework\src\traditional\proc\p18f67j60.asm
                TXSTAbits   0x000fac       data     extern E:\c18v3.46\pic18-lt\cxx-framework\src\traditional\proc\p18f67j60.asm
                   TXREG1   0x000fad       data     extern E:\c18v3.46\pic18-lt\cxx-framework\src\traditional\proc\p18f67j60.asm
                    TXREG   0x000fad       data     extern E:\c18v3.46\pic18-lt\cxx-framework\src\traditional\proc\p18f67j60.asm
                   RCREG1   0x000fae       data     extern E:\c18v3.46\pic18-lt\cxx-framework\src\traditional\proc\p18f67j60.asm
                    RCREG   0x000fae       data     extern E:\c18v3.46\pic18-lt\cxx-framework\src\traditional\proc\p18f67j60.asm
                   SPBRG1   0x000faf       data     extern E:\c18v3.46\pic18-lt\cxx-framework\src\traditional\proc\p18f67j60.asm
                    SPBRG   0x000faf       data     extern E:\c18v3.46\pic18-lt\cxx-framework\src\traditional\proc\p18f67j60.asm
                    T3CON   0x000fb1       data     extern E:\c18v3.46\pic18-lt\cxx-framework\src\traditional\proc\p18f67j60.asm
                T3CONbits   0x000fb1       data     extern E:\c18v3.46\pic18-lt\cxx-framework\src\traditional\proc\p18f67j60.asm
                    TMR3L   0x000fb2       data     extern E:\c18v3.46\pic18-lt\cxx-framework\src\traditional\proc\p18f67j60.asm
                    TMR3H   0x000fb3       data     extern E:\c18v3.46\pic18-lt\cxx-framework\src\traditional\proc\p18f67j60.asm
                CMCONbits   0x000fb4       data     extern E:\c18v3.46\pic18-lt\cxx-framework\src\traditional\proc\p18f67j60.asm
                    CMCON   0x000fb4       data     extern E:\c18v3.46\pic18-lt\cxx-framework\src\traditional\proc\p18f67j60.asm
                   CVRCON   0x000fb5       data     extern E:\c18v3.46\pic18-lt\cxx-framework\src\traditional\proc\p18f67j60.asm
               CVRCONbits   0x000fb5       data     extern E:\c18v3.46\pic18-lt\cxx-framework\src\traditional\proc\p18f67j60.asm
              ECCP1ASbits   0x000fb6       data     extern E:\c18v3.46\pic18-lt\cxx-framework\src\traditional\proc\p18f67j60.asm
                  ECCP1AS   0x000fb6       data     extern E:\c18v3.46\pic18-lt\cxx-framework\src\traditional\proc\p18f67j60.asm
              CCP3CONbits   0x000fb7       data     extern E:\c18v3.46\pic18-lt\cxx-framework\src\traditional\proc\p18f67j60.asm
                 ECCP3CON   0x000fb7       data     extern E:\c18v3.46\pic18-lt\cxx-framework\src\traditional\proc\p18f67j60.asm
                  CCP3CON   0x000fb7       data     extern E:\c18v3.46\pic18-lt\cxx-framework\src\traditional\proc\p18f67j60.asm
             ECCP3CONbits   0x000fb7       data     extern E:\c18v3.46\pic18-lt\cxx-framework\src\traditional\proc\p18f67j60.asm
                    CCPR3   0x000fb8       data     extern E:\c18v3.46\pic18-lt\cxx-framework\src\traditional\proc\p18f67j60.asm
                   CCPR3L   0x000fb8       data     extern E:\c18v3.46\pic18-lt\cxx-framework\src\traditional\proc\p18f67j60.asm
                   CCPR3H   0x000fb9       data     extern E:\c18v3.46\pic18-lt\cxx-framework\src\traditional\proc\p18f67j60.asm
                  CCP2CON   0x000fba       data     extern E:\c18v3.46\pic18-lt\cxx-framework\src\traditional\proc\p18f67j60.asm
              CCP2CONbits   0x000fba       data     extern E:\c18v3.46\pic18-lt\cxx-framework\src\traditional\proc\p18f67j60.asm
                 ECCP2CON   0x000fba       data     extern E:\c18v3.46\pic18-lt\cxx-framework\src\traditional\proc\p18f67j60.asm
             ECCP2CONbits   0x000fba       data     extern E:\c18v3.46\pic18-lt\cxx-framework\src\traditional\proc\p18f67j60.asm
                    CCPR2   0x000fbb       data     extern E:\c18v3.46\pic18-lt\cxx-framework\src\traditional\proc\p18f67j60.asm
                   CCPR2L   0x000fbb       data     extern E:\c18v3.46\pic18-lt\cxx-framework\src\traditional\proc\p18f67j60.asm
                   CCPR2H   0x000fbc       data     extern E:\c18v3.46\pic18-lt\cxx-framework\src\traditional\proc\p18f67j60.asm
                  CCP1CON   0x000fbd       data     extern E:\c18v3.46\pic18-lt\cxx-framework\src\traditional\proc\p18f67j60.asm
              CCP1CONbits   0x000fbd       data     extern E:\c18v3.46\pic18-lt\cxx-framework\src\traditional\proc\p18f67j60.asm
             ECCP1CONbits   0x000fbd       data     extern E:\c18v3.46\pic18-lt\cxx-framework\src\traditional\proc\p18f67j60.asm
                 ECCP1CON   0x000fbd       data     extern E:\c18v3.46\pic18-lt\cxx-framework\src\traditional\proc\p18f67j60.asm
                    CCPR1   0x000fbe       data     extern E:\c18v3.46\pic18-lt\cxx-framework\src\traditional\proc\p18f67j60.asm
                   CCPR1L   0x000fbe       data     extern E:\c18v3.46\pic18-lt\cxx-framework\src\traditional\proc\p18f67j60.asm
                   CCPR1H   0x000fbf       data     extern E:\c18v3.46\pic18-lt\cxx-framework\src\traditional\proc\p18f67j60.asm
                   ADCON2   0x000fc0       data     extern E:\c18v3.46\pic18-lt\cxx-framework\src\traditional\proc\p18f67j60.asm
               ADCON2bits   0x000fc0       data     extern E:\c18v3.46\pic18-lt\cxx-framework\src\traditional\proc\p18f67j60.asm
                   ADCON1   0x000fc1       data     extern E:\c18v3.46\pic18-lt\cxx-framework\src\traditional\proc\p18f67j60.asm
               ADCON1bits   0x000fc1       data     extern E:\c18v3.46\pic18-lt\cxx-framework\src\traditional\proc\p18f67j60.asm
               ADCON0bits   0x000fc2       data     extern E:\c18v3.46\pic18-lt\cxx-framework\src\traditional\proc\p18f67j60.asm
                   ADCON0   0x000fc2       data     extern E:\c18v3.46\pic18-lt\cxx-framework\src\traditional\proc\p18f67j60.asm
                    ADRES   0x000fc3       data     extern E:\c18v3.46\pic18-lt\cxx-framework\src\traditional\proc\p18f67j60.asm
                   ADRESL   0x000fc3       data     extern E:\c18v3.46\pic18-lt\cxx-framework\src\traditional\proc\p18f67j60.asm
                   ADRESH   0x000fc4       data     extern E:\c18v3.46\pic18-lt\cxx-framework\src\traditional\proc\p18f67j60.asm
                  SSPCON2   0x000fc5       data     extern E:\c18v3.46\pic18-lt\cxx-framework\src\traditional\proc\p18f67j60.asm
              SSPCON2bits   0x000fc5       data     extern E:\c18v3.46\pic18-lt\cxx-framework\src\traditional\proc\p18f67j60.asm
                 SSP1CON2   0x000fc5       data     extern E:\c18v3.46\pic18-lt\cxx-framework\src\traditional\proc\p18f67j60.asm
             SSP1CON2bits   0x000fc5       data     extern E:\c18v3.46\pic18-lt\cxx-framework\src\traditional\proc\p18f67j60.asm
             SSP1CON1bits   0x000fc6       data     extern E:\c18v3.46\pic18-lt\cxx-framework\src\traditional\proc\p18f67j60.asm
                  SSPCON1   0x000fc6       data     extern E:\c18v3.46\pic18-lt\cxx-framework\src\traditional\proc\p18f67j60.asm
              SSPCON1bits   0x000fc6       data     extern E:\c18v3.46\pic18-lt\cxx-framework\src\traditional\proc\p18f67j60.asm
                 SSP1CON1   0x000fc6       data     extern E:\c18v3.46\pic18-lt\cxx-framework\src\traditional\proc\p18f67j60.asm
                  SSPSTAT   0x000fc7       data     extern E:\c18v3.46\pic18-lt\cxx-framework\src\traditional\proc\p18f67j60.asm
              SSPSTATbits   0x000fc7       data     extern E:\c18v3.46\pic18-lt\cxx-framework\src\traditional\proc\p18f67j60.asm
             SSP1STATbits   0x000fc7       data     extern E:\c18v3.46\pic18-lt\cxx-framework\src\traditional\proc\p18f67j60.asm
                 SSP1STAT   0x000fc7       data     extern E:\c18v3.46\pic18-lt\cxx-framework\src\traditional\proc\p18f67j60.asm
                   SSPADD   0x000fc8       data     extern E:\c18v3.46\pic18-lt\cxx-framework\src\traditional\proc\p18f67j60.asm
                  SSP1ADD   0x000fc8       data     extern E:\c18v3.46\pic18-lt\cxx-framework\src\traditional\proc\p18f67j60.asm
                  SSP1BUF   0x000fc9       data     extern E:\c18v3.46\pic18-lt\cxx-framework\src\traditional\proc\p18f67j60.asm
                   SSPBUF   0x000fc9       data     extern E:\c18v3.46\pic18-lt\cxx-framework\src\traditional\proc\p18f67j60.asm
                    T2CON   0x000fca       data     extern E:\c18v3.46\pic18-lt\cxx-framework\src\traditional\proc\p18f67j60.asm
                T2CONbits   0x000fca       data     extern E:\c18v3.46\pic18-lt\cxx-framework\src\traditional\proc\p18f67j60.asm
                      PR2   0x000fcb       data     extern E:\c18v3.46\pic18-lt\cxx-framework\src\traditional\proc\p18f67j60.asm
                     TMR2   0x000fcc       data     extern E:\c18v3.46\pic18-lt\cxx-framework\src\traditional\proc\p18f67j60.asm
                T1CONbits   0x000fcd       data     extern E:\c18v3.46\pic18-lt\cxx-framework\src\traditional\proc\p18f67j60.asm
                    T1CON   0x000fcd       data     extern E:\c18v3.46\pic18-lt\cxx-framework\src\traditional\proc\p18f67j60.asm
                    TMR1L   0x000fce       data     extern E:\c18v3.46\pic18-lt\cxx-framework\src\traditional\proc\p18f67j60.asm
                    TMR1H   0x000fcf       data     extern E:\c18v3.46\pic18-lt\cxx-framework\src\traditional\proc\p18f67j60.asm
                 RCONbits   0x000fd0       data     extern E:\c18v3.46\pic18-lt\cxx-framework\src\traditional\proc\p18f67j60.asm
                     RCON   0x000fd0       data     extern E:\c18v3.46\pic18-lt\cxx-framework\src\traditional\proc\p18f67j60.asm
               WDTCONbits   0x000fd1       data     extern E:\c18v3.46\pic18-lt\cxx-framework\src\traditional\proc\p18f67j60.asm
                   WDTCON   0x000fd1       data     extern E:\c18v3.46\pic18-lt\cxx-framework\src\traditional\proc\p18f67j60.asm
                    ECON1   0x000fd2       data     extern E:\c18v3.46\pic18-lt\cxx-framework\src\traditional\proc\p18f67j60.asm
                ECON1bits   0x000fd2       data     extern E:\c18v3.46\pic18-lt\cxx-framework\src\traditional\proc\p18f67j60.asm
                   OSCCON   0x000fd3       data     extern E:\c18v3.46\pic18-lt\cxx-framework\src\traditional\proc\p18f67j60.asm
               OSCCONbits   0x000fd3       data     extern E:\c18v3.46\pic18-lt\cxx-framework\src\traditional\proc\p18f67j60.asm
                    T0CON   0x000fd5       data     extern E:\c18v3.46\pic18-lt\cxx-framework\src\traditional\proc\p18f67j60.asm
                T0CONbits   0x000fd5       data     extern E:\c18v3.46\pic18-lt\cxx-framework\src\traditional\proc\p18f67j60.asm
                    TMR0L   0x000fd6       data     extern E:\c18v3.46\pic18-lt\cxx-framework\src\traditional\proc\p18f67j60.asm
                    TMR0H   0x000fd7       data     extern E:\c18v3.46\pic18-lt\cxx-framework\src\traditional\proc\p18f67j60.asm
                   STATUS   0x000fd8       data     extern E:\c18v3.46\pic18-lt\cxx-framework\src\traditional\proc\p18f67j60.asm
               STATUSbits   0x000fd8       data     extern E:\c18v3.46\pic18-lt\cxx-framework\src\traditional\proc\p18f67j60.asm
                    FSR2L   0x000fd9       data     extern E:\c18v3.46\pic18-lt\cxx-framework\src\traditional\proc\p18f67j60.asm
                     FSR2   0x000fd9       data     extern E:\c18v3.46\pic18-lt\cxx-framework\src\traditional\proc\p18f67j60.asm
                    FSR2H   0x000fda       data     extern E:\c18v3.46\pic18-lt\cxx-framework\src\traditional\proc\p18f67j60.asm
                   PLUSW2   0x000fdb       data     extern E:\c18v3.46\pic18-lt\cxx-framework\src\traditional\proc\p18f67j60.asm
                  PREINC2   0x000fdc       data     extern E:\c18v3.46\pic18-lt\cxx-framework\src\traditional\proc\p18f67j60.asm
                 POSTDEC2   0x000fdd       data     extern E:\c18v3.46\pic18-lt\cxx-framework\src\traditional\proc\p18f67j60.asm
                 POSTINC2   0x000fde       data     extern E:\c18v3.46\pic18-lt\cxx-framework\src\traditional\proc\p18f67j60.asm
                    INDF2   0x000fdf       data     extern E:\c18v3.46\pic18-lt\cxx-framework\src\traditional\proc\p18f67j60.asm
                      BSR   0x000fe0       data     extern E:\c18v3.46\pic18-lt\cxx-framework\src\traditional\proc\p18f67j60.asm
                    FSR1L   0x000fe1       data     extern E:\c18v3.46\pic18-lt\cxx-framework\src\traditional\proc\p18f67j60.asm
                     FSR1   0x000fe1       data     extern E:\c18v3.46\pic18-lt\cxx-framework\src\traditional\proc\p18f67j60.asm
                    FSR1H   0x000fe2       data     extern E:\c18v3.46\pic18-lt\cxx-framework\src\traditional\proc\p18f67j60.asm
                   PLUSW1   0x000fe3       data     extern E:\c18v3.46\pic18-lt\cxx-framework\src\traditional\proc\p18f67j60.asm
                  PREINC1   0x000fe4       data     extern E:\c18v3.46\pic18-lt\cxx-framework\src\traditional\proc\p18f67j60.asm
                 POSTDEC1   0x000fe5       data     extern E:\c18v3.46\pic18-lt\cxx-framework\src\traditional\proc\p18f67j60.asm
                 POSTINC1   0x000fe6       data     extern E:\c18v3.46\pic18-lt\cxx-framework\src\traditional\proc\p18f67j60.asm
                    INDF1   0x000fe7       data     extern E:\c18v3.46\pic18-lt\cxx-framework\src\traditional\proc\p18f67j60.asm
                     WREG   0x000fe8       data     extern E:\c18v3.46\pic18-lt\cxx-framework\src\traditional\proc\p18f67j60.asm
                    FSR0L   0x000fe9       data     extern E:\c18v3.46\pic18-lt\cxx-framework\src\traditional\proc\p18f67j60.asm
                     FSR0   0x000fe9       data     extern E:\c18v3.46\pic18-lt\cxx-framework\src\traditional\proc\p18f67j60.asm
                    FSR0H   0x000fea       data     extern E:\c18v3.46\pic18-lt\cxx-framework\src\traditional\proc\p18f67j60.asm
                   PLUSW0   0x000feb       data     extern E:\c18v3.46\pic18-lt\cxx-framework\src\traditional\proc\p18f67j60.asm
                  PREINC0   0x000fec       data     extern E:\c18v3.46\pic18-lt\cxx-framework\src\traditional\proc\p18f67j60.asm
                 POSTDEC0   0x000fed       data     extern E:\c18v3.46\pic18-lt\cxx-framework\src\traditional\proc\p18f67j60.asm
                 POSTINC0   0x000fee       data     extern E:\c18v3.46\pic18-lt\cxx-framework\src\traditional\proc\p18f67j60.asm
                    INDF0   0x000fef       data     extern E:\c18v3.46\pic18-lt\cxx-framework\src\traditional\proc\p18f67j60.asm
              INTCON3bits   0x000ff0       data     extern E:\c18v3.46\pic18-lt\cxx-framework\src\traditional\proc\p18f67j60.asm
                  INTCON3   0x000ff0       data     extern E:\c18v3.46\pic18-lt\cxx-framework\src\traditional\proc\p18f67j60.asm
              INTCON2bits   0x000ff1       data     extern E:\c18v3.46\pic18-lt\cxx-framework\src\traditional\proc\p18f67j60.asm
                  INTCON2   0x000ff1       data     extern E:\c18v3.46\pic18-lt\cxx-framework\src\traditional\proc\p18f67j60.asm
               INTCONbits   0x000ff2       data     extern E:\c18v3.46\pic18-lt\cxx-framework\src\traditional\proc\p18f67j60.asm
                   INTCON   0x000ff2       data     extern E:\c18v3.46\pic18-lt\cxx-framework\src\traditional\proc\p18f67j60.asm
                    PRODL   0x000ff3       data     extern E:\c18v3.46\pic18-lt\cxx-framework\src\traditional\proc\p18f67j60.asm
                     PROD   0x000ff3       data     extern E:\c18v3.46\pic18-lt\cxx-framework\src\traditional\proc\p18f67j60.asm
                    PRODH   0x000ff4       data     extern E:\c18v3.46\pic18-lt\cxx-framework\src\traditional\proc\p18f67j60.asm
                   TABLAT   0x000ff5       data     extern E:\c18v3.46\pic18-lt\cxx-framework\src\traditional\proc\p18f67j60.asm
                   TBLPTR   0x000ff6       data     extern E:\c18v3.46\pic18-lt\cxx-framework\src\traditional\proc\p18f67j60.asm
                  TBLPTRL   0x000ff6       data     extern E:\c18v3.46\pic18-lt\cxx-framework\src\traditional\proc\p18f67j60.asm
                  TBLPTRH   0x000ff7       data     extern E:\c18v3.46\pic18-lt\cxx-framework\src\traditional\proc\p18f67j60.asm
                  TBLPTRU   0x000ff8       data     extern E:\c18v3.46\pic18-lt\cxx-framework\src\traditional\proc\p18f67j60.asm
                       PC   0x000ff9       data     extern E:\c18v3.46\pic18-lt\cxx-framework\src\traditional\proc\p18f67j60.asm
                      PCL   0x000ff9       data     extern E:\c18v3.46\pic18-lt\cxx-framework\src\traditional\proc\p18f67j60.asm
                   PCLATH   0x000ffa       data     extern E:\c18v3.46\pic18-lt\cxx-framework\src\traditional\proc\p18f67j60.asm
                   PCLATU   0x000ffb       data     extern E:\c18v3.46\pic18-lt\cxx-framework\src\traditional\proc\p18f67j60.asm
                   STKPTR   0x000ffc       data     extern E:\c18v3.46\pic18-lt\cxx-framework\src\traditional\proc\p18f67j60.asm
               STKPTRbits   0x000ffc       data     extern E:\c18v3.46\pic18-lt\cxx-framework\src\traditional\proc\p18f67j60.asm
                      TOS   0x000ffd       data     extern E:\c18v3.46\pic18-lt\cxx-framework\src\traditional\proc\p18f67j60.asm
                     TOSL   0x000ffd       data     extern E:\c18v3.46\pic18-lt\cxx-framework\src\traditional\proc\p18f67j60.asm
                     TOSH   0x000ffe       data     extern E:\c18v3.46\pic18-lt\cxx-framework\src\traditional\proc\p18f67j60.asm
                     TOSU   0x000fff       data     extern E:\c18v3.46\pic18-lt\cxx-framework\src\traditional\proc\p18f67j60.asm


